Archive member included to satisfy reference by file (symbol)

c:/progra~2/gnuarm~1/102021~1.10/bin/../lib/gcc/arm-none-eabi/10.3.1/thumb/v7e-m+fp/hard\libgcc.a(_arm_muldf3.o)
                              CMakeFiles/shashutu_speed_test.elf.dir/Core/Src/main.c.obj (__aeabi_dmul)
c:/progra~2/gnuarm~1/102021~1.10/bin/../lib/gcc/arm-none-eabi/10.3.1/thumb/v7e-m+fp/hard\libgcc.a(_arm_addsubdf3.o)
                              CMakeFiles/shashutu_speed_test.elf.dir/Core/Src/main.c.obj (__aeabi_dadd)
c:/progra~2/gnuarm~1/102021~1.10/bin/../lib/gcc/arm-none-eabi/10.3.1/thumb/v7e-m+fp/hard\libgcc.a(_arm_muldivdf3.o)
                              CMakeFiles/shashutu_speed_test.elf.dir/Core/Src/main.c.obj (__aeabi_ddiv)
c:/progra~2/gnuarm~1/102021~1.10/bin/../lib/gcc/arm-none-eabi/10.3.1/thumb/v7e-m+fp/hard\libgcc.a(_arm_truncdfsf2.o)
                              CMakeFiles/shashutu_speed_test.elf.dir/Core/Src/main.c.obj (__aeabi_d2f)
c:/progra~2/gnuarm~1/102021~1.10/bin/../lib/gcc/arm-none-eabi/10.3.1/thumb/v7e-m+fp/hard\libgcc.a(_aeabi_uldivmod.o)
                              CMakeFiles/shashutu_speed_test.elf.dir/Drivers/STM32G4xx_HAL_Driver/Src/stm32g4xx_hal_uart.c.obj (__aeabi_uldivmod)
c:/progra~2/gnuarm~1/102021~1.10/bin/../lib/gcc/arm-none-eabi/10.3.1/thumb/v7e-m+fp/hard\libgcc.a(_udivmoddi4.o)
                              c:/progra~2/gnuarm~1/102021~1.10/bin/../lib/gcc/arm-none-eabi/10.3.1/thumb/v7e-m+fp/hard\libgcc.a(_aeabi_uldivmod.o) (__udivmoddi4)
c:/progra~2/gnuarm~1/102021~1.10/bin/../lib/gcc/arm-none-eabi/10.3.1/thumb/v7e-m+fp/hard\libgcc.a(_dvmd_tls.o)
                              c:/progra~2/gnuarm~1/102021~1.10/bin/../lib/gcc/arm-none-eabi/10.3.1/thumb/v7e-m+fp/hard\libgcc.a(_aeabi_uldivmod.o) (__aeabi_ldiv0)
c:/progra~2/gnuarm~1/102021~1.10/bin/../lib/gcc/arm-none-eabi/10.3.1/../../../../arm-none-eabi/lib/thumb/v7e-m+fp/hard\libg.a(lib_a-errno.o)
                              CMakeFiles/shashutu_speed_test.elf.dir/Core/Src/syscalls.c.obj (__errno)
c:/progra~2/gnuarm~1/102021~1.10/bin/../lib/gcc/arm-none-eabi/10.3.1/../../../../arm-none-eabi/lib/thumb/v7e-m+fp/hard\libg.a(lib_a-exit.o)
                              c:/progra~2/gnuarm~1/102021~1.10/bin/../lib/gcc/arm-none-eabi/10.3.1/../../../../arm-none-eabi/lib/thumb/v7e-m+fp/hard/crt0.o (exit)
c:/progra~2/gnuarm~1/102021~1.10/bin/../lib/gcc/arm-none-eabi/10.3.1/../../../../arm-none-eabi/lib/thumb/v7e-m+fp/hard\libg.a(lib_a-impure.o)
                              c:/progra~2/gnuarm~1/102021~1.10/bin/../lib/gcc/arm-none-eabi/10.3.1/../../../../arm-none-eabi/lib/thumb/v7e-m+fp/hard\libg.a(lib_a-exit.o) (_global_impure_ptr)
c:/progra~2/gnuarm~1/102021~1.10/bin/../lib/gcc/arm-none-eabi/10.3.1/../../../../arm-none-eabi/lib/thumb/v7e-m+fp/hard\libg.a(lib_a-init.o)
                              c:/progra~2/gnuarm~1/102021~1.10/bin/../lib/gcc/arm-none-eabi/10.3.1/../../../../arm-none-eabi/lib/thumb/v7e-m+fp/hard/crt0.o (__libc_init_array)
c:/progra~2/gnuarm~1/102021~1.10/bin/../lib/gcc/arm-none-eabi/10.3.1/../../../../arm-none-eabi/lib/thumb/v7e-m+fp/hard\libg.a(lib_a-memset.o)
                              c:/progra~2/gnuarm~1/102021~1.10/bin/../lib/gcc/arm-none-eabi/10.3.1/../../../../arm-none-eabi/lib/thumb/v7e-m+fp/hard/crt0.o (memset)
c:/progra~2/gnuarm~1/102021~1.10/bin/../lib/gcc/arm-none-eabi/10.3.1/../../../../arm-none-eabi/lib/thumb/v7e-m+fp/hard\libg.a(lib_a-printf.o)
                              CMakeFiles/shashutu_speed_test.elf.dir/Core/Src/main.c.obj (printf)
c:/progra~2/gnuarm~1/102021~1.10/bin/../lib/gcc/arm-none-eabi/10.3.1/../../../../arm-none-eabi/lib/thumb/v7e-m+fp/hard\libg.a(lib_a-setbuf.o)
                              CMakeFiles/shashutu_speed_test.elf.dir/Core/Src/main.c.obj (setbuf)
c:/progra~2/gnuarm~1/102021~1.10/bin/../lib/gcc/arm-none-eabi/10.3.1/../../../../arm-none-eabi/lib/thumb/v7e-m+fp/hard\libg.a(lib_a-setvbuf.o)
                              c:/progra~2/gnuarm~1/102021~1.10/bin/../lib/gcc/arm-none-eabi/10.3.1/../../../../arm-none-eabi/lib/thumb/v7e-m+fp/hard\libg.a(lib_a-setbuf.o) (setvbuf)
c:/progra~2/gnuarm~1/102021~1.10/bin/../lib/gcc/arm-none-eabi/10.3.1/../../../../arm-none-eabi/lib/thumb/v7e-m+fp/hard\libg.a(lib_a-vfprintf.o)
                              c:/progra~2/gnuarm~1/102021~1.10/bin/../lib/gcc/arm-none-eabi/10.3.1/../../../../arm-none-eabi/lib/thumb/v7e-m+fp/hard\libg.a(lib_a-printf.o) (_vfprintf_r)
c:/progra~2/gnuarm~1/102021~1.10/bin/../lib/gcc/arm-none-eabi/10.3.1/../../../../arm-none-eabi/lib/thumb/v7e-m+fp/hard\libg.a(lib_a-wsetup.o)
                              c:/progra~2/gnuarm~1/102021~1.10/bin/../lib/gcc/arm-none-eabi/10.3.1/../../../../arm-none-eabi/lib/thumb/v7e-m+fp/hard\libg.a(lib_a-vfprintf.o) (__swsetup_r)
c:/progra~2/gnuarm~1/102021~1.10/bin/../lib/gcc/arm-none-eabi/10.3.1/../../../../arm-none-eabi/lib/thumb/v7e-m+fp/hard\libg.a(lib_a-__call_atexit.o)
[...]
Memory Configuration

Name             Origin             Length             Attributes
RAM              0x20000000         0x00008000         xrw
FLASH            0x08000000         0x00020000         xr
*default*        0x00000000         0xffffffff

Linker script and memory map

LOAD c:/progra~2/gnuarm~1/102021~1.10/bin/../lib/gcc/arm-none-eabi/10.3.1/thumb/v7e-m+fp/hard/crti.o
LOAD c:/progra~2/gnuarm~1/102021~1.10/bin/../lib/gcc/arm-none-eabi/10.3.1/thumb/v7e-m+fp/hard/crtbegin.o
LOAD c:/progra~2/gnuarm~1/102021~1.10/bin/../lib/gcc/arm-none-eabi/10.3.1/../../../../arm-none-eabi/lib/thumb/v7e-m+fp/hard/crt0.o
LOAD CMakeFiles/shashutu_speed_test.elf.dir/Core/Src/PID_anti_windup.c.obj
LOAD CMakeFiles/shashutu_speed_test.elf.dir/Core/Src/PID_anti_windup_pos.c.obj
LOAD CMakeFiles/shashutu_speed_test.elf.dir/Core/Src/main.c.obj
LOAD CMakeFiles/shashutu_speed_test.elf.dir/Core/Src/stm32g4xx_hal_msp.c.obj
LOAD CMakeFiles/shashutu_speed_test.elf.dir/Core/Src/stm32g4xx_hal_timebase_tim.c.obj
LOAD CMakeFiles/shashutu_speed_test.elf.dir/Core/Src/stm32g4xx_it.c.obj
LOAD CMakeFiles/shashutu_speed_test.elf.dir/Core/Src/syscalls.c.obj
LOAD CMakeFiles/shashutu_speed_test.elf.dir/Core/Src/sysmem.c.obj
LOAD CMakeFiles/shashutu_speed_test.elf.dir/Core/Src/system_stm32g4xx.c.obj
LOAD CMakeFiles/shashutu_speed_test.elf.dir/Core/Startup/startup_stm32g431kbtx.s.obj
LOAD CMakeFiles/shashutu_speed_test.elf.dir/Drivers/STM32G4xx_HAL_Driver/Src/stm32g4xx_hal.c.obj
LOAD CMakeFiles/shashutu_speed_test.elf.dir/Drivers/STM32G4xx_HAL_Driver/Src/stm32g4xx_hal_adc.c.obj
LOAD CMakeFiles/shashutu_speed_test.elf.dir/Drivers/STM32G4xx_HAL_Driver/Src/stm32g4xx_hal_adc_ex.c.obj
LOAD CMakeFiles/shashutu_speed_test.elf.dir/Drivers/STM32G4xx_HAL_Driver/Src/stm32g4xx_hal_cortex.c.obj
LOAD CMakeFiles/shashutu_speed_test.elf.dir/Drivers/STM32G4xx_HAL_Driver/Src/stm32g4xx_hal_dma.c.obj
LOAD CMakeFiles/shashutu_speed_test.elf.dir/Drivers/STM32G4xx_HAL_Driver/Src/stm32g4xx_hal_dma_ex.c.obj
LOAD CMakeFiles/shashutu_speed_test.elf.dir/Drivers/STM32G4xx_HAL_Driver/Src/stm32g4xx_hal_exti.c.obj
LOAD CMakeFiles/shashutu_speed_test.elf.dir/Drivers/STM32G4xx_HAL_Driver/Src/stm32g4xx_hal_flash.c.obj
LOAD CMakeFiles/shashutu_speed_test.elf.dir/Drivers/STM32G4xx_HAL_Driver/Src/stm32g4xx_hal_flash_ex.c.obj
LOAD CMakeFiles/shashutu_speed_test.elf.dir/Drivers/STM32G4xx_HAL_Driver/Src/stm32g4xx_hal_flash_ramfunc.c.obj
LOAD CMakeFiles/shashutu_speed_test.elf.dir/Drivers/STM32G4xx_HAL_Driver/Src/stm32g4xx_hal_gpio.c.obj
LOAD CMakeFiles/shashutu_speed_test.elf.dir/Drivers/STM32G4xx_HAL_Driver/Src/stm32g4xx_hal_pwr.c.obj
LOAD CMakeFiles/shashutu_speed_test.elf.dir/Drivers/STM32G4xx_HAL_Driver/Src/stm32g4xx_hal_pwr_ex.c.obj
LOAD CMakeFiles/shashutu_speed_test.elf.dir/Drivers/STM32G4xx_HAL_Driver/Src/stm32g4xx_hal_rcc.c.obj
LOAD CMakeFiles/shashutu_speed_test.elf.dir/Drivers/STM32G4xx_HAL_Driver/Src/stm32g4xx_hal_rcc_ex.c.obj
LOAD CMakeFiles/shashutu_speed_test.elf.dir/Drivers/STM32G4xx_HAL_Driver/Src/stm32g4xx_hal_tim.c.obj
LOAD CMakeFiles/shashutu_speed_test.elf.dir/Drivers/STM32G4xx_HAL_Driver/Src/stm32g4xx_hal_tim_ex.c.obj
LOAD CMakeFiles/shashutu_speed_test.elf.dir/Drivers/STM32G4xx_HAL_Driver/Src/stm32g4xx_hal_uart.c.obj
LOAD CMakeFiles/shashutu_speed_test.elf.dir/Drivers/STM32G4xx_HAL_Driver/Src/stm32g4xx_hal_uart_ex.c.obj
LOAD CMakeFiles/shashutu_speed_test.elf.dir/Drivers/STM32G4xx_HAL_Driver/Src/stm32g4xx_ll_adc.c.obj
START GROUP
LOAD c:/progra~2/gnuarm~1/102021~1.10/bin/../lib/gcc/arm-none-eabi/10.3.1/thumb/v7e-m+fp/hard\libgcc.a
LOAD c:/progra~2/gnuarm~1/102021~1.10/bin/../lib/gcc/arm-none-eabi/10.3.1/../../../../arm-none-eabi/lib/thumb/v7e-m+fp/hard\libg.a
LOAD c:/progra~2/gnuarm~1/102021~1.10/bin/../lib/gcc/arm-none-eabi/10.3.1/../../../../arm-none-eabi/lib/thumb/v7e-m+fp/hard\libc.a
END GROUP
LOAD c:/progra~2/gnuarm~1/102021~1.10/bin/../lib/gcc/arm-none-eabi/10.3.1/thumb/v7e-m+fp/hard/crtend.o
LOAD c:/progra~2/gnuarm~1/102021~1.10/bin/../lib/gcc/arm-none-eabi/10.3.1/thumb/v7e-m+fp/hard/crtn.o
                0x20008000                _estack = (ORIGIN (RAM) + LENGTH (RAM))
                0x00000200                _Min_Heap_Size = 0x200
                0x00000400                _Min_Stack_Size = 0x400

.isr_vector     0x08000000      0x1d8
                0x08000000                . = ALIGN (0x4)
 *(.isr_vector)
 .isr_vector    0x08000000      0x1d8 CMakeFiles/shashutu_speed_test.elf.dir/Core/Startup/startup_stm32g431kbtx.s.obj
                0x08000000                g_pfnVectors
                0x080001d8                . = ALIGN (0x4)

.text           0x08000200     0xb320
                0x08000200                . = ALIGN (0x4)
 *(.text)
 .text          0x08000200       0x40 c:/progra~2/gnuarm~1/102021~1.10/bin/../lib/gcc/arm-none-eabi/10.3.1/thumb/v7e-m+fp/hard/crtbegin.o
 .text          0x08000240      0x378 c:/progra~2/gnuarm~1/102021~1.10/bin/../lib/gcc/arm-none-eabi/10.3.1/thumb/v7e-m+fp/hard\libgcc.a(_arm_addsubdf3.o)
                0x08000240                __aeabi_drsub
                0x08000248                __aeabi_dsub
                0x08000248                __subdf3
                0x0800024c                __aeabi_dadd
                0x0800024c                __adddf3
                0x080004c4                __floatunsidf
                0x080004c4                __aeabi_ui2d
                0x080004e4                __floatsidf
                0x080004e4                __aeabi_i2d
                0x08000508                __aeabi_f2d
                0x08000508                __extendsfdf2
                0x0800054c                __floatundidf
                0x0800054c                __aeabi_ul2d
                0x0800055c                __floatdidf
                0x0800055c                __aeabi_l2d
 .text          0x080005b8      0x424 c:/progra~2/gnuarm~1/102021~1.10/bin/../lib/gcc/arm-none-eabi/10.3.1/thumb/v7e-m+fp/hard\libgcc.a(_arm_muldivdf3.o)
                0x080005b8                __aeabi_dmul
                0x080005b8                __muldf3
                0x0800080c                __divdf3
                0x0800080c                __aeabi_ddiv
 .text          0x080009dc       0xa0 c:/progra~2/gnuarm~1/102021~1.10/bin/../lib/gcc/arm-none-eabi/10.3.1/thumb/v7e-m+fp/hard\libgcc.a(_arm_truncdfsf2.o)
                0x080009dc                __truncdfsf2
                0x080009dc                __aeabi_d2f
 .text          0x08000a7c       0x30 c:/progra~2/gnuarm~1/102021~1.10/bin/../lib/gcc/arm-none-eabi/10.3.1/thumb/v7e-m+fp/hard\libgcc.a(_aeabi_uldivmod.o)
                0x08000a7c                __aeabi_uldivmod
 .text          0x08000aac      0x2d0 c:/progra~2/gnuarm~1/102021~1.10/bin/../lib/gcc/arm-none-eabi/10.3.1/thumb/v7e-m+fp/hard\libgcc.a(_udivmoddi4.o)
                0x08000aac                __udivmoddi4
 .text          0x08000d7c        0x4 c:/progra~2/gnuarm~1/102021~1.10/bin/../lib/gcc/arm-none-eabi/10.3.1/thumb/v7e-m+fp/hard\libgcc.a(_dvmd_tls.o)
                0x08000d7c                __aeabi_idiv0
                0x08000d7c                __aeabi_ldiv0
 .text          0x08000d80       0xa0 c:/progra~2/gnuarm~1/102021~1.10/bin/../lib/gcc/arm-none-eabi/10.3.1/../../../../arm-none-eabi/lib/thumb/v7e-m+fp/hard\libg.a(lib_a-memchr.o)
                0x08000d80                memchr
 .text          0x08000e20      0x134 c:/progra~2/gnuarm~1/102021~1.10/bin/../lib/gcc/arm-none-eabi/10.3.1/../../../../arm-none-eabi/lib/thumb/v7e-m+fp/hard\libg.a(lib_a-memcpy.o)
                0x08000e20                memcpy
 *fill*         0x08000f54       0x2c 
 .text          0x08000f80       0xdc c:/progra~2/gnuarm~1/102021~1.10/bin/../lib/gcc/arm-none-eabi/10.3.1/../../../../arm-none-eabi/lib/thumb/v7e-m+fp/hard\libg.a(lib_a-strlen.o)
                0x08000f80                strlen
 .text          0x0800105c      0x110 c:/progra~2/gnuarm~1/102021~1.10/bin/../lib/gcc/arm-none-eabi/10.3.1/thumb/v7e-m+fp/hard\libgcc.a(_arm_cmpdf2.o)
                0x0800105c                __gtdf2
                0x0800105c                __gedf2
                0x08001064                __ltdf2
                0x08001064                __ledf2
                0x0800106c                __nedf2
                0x0800106c                __eqdf2
                0x0800106c                __cmpdf2
                0x080010e8                __aeabi_cdrcmple
                0x080010f8                __aeabi_cdcmpeq
                0x080010f8                __aeabi_cdcmple
                0x08001108                __aeabi_dcmpeq
                0x0800111c                __aeabi_dcmplt
                0x08001130                __aeabi_dcmple
                0x08001144                __aeabi_dcmpge
                0x08001158                __aeabi_dcmpgt
 .text          0x0800116c       0x2c c:/progra~2/gnuarm~1/102021~1.10/bin/../lib/gcc/arm-none-eabi/10.3.1/thumb/v7e-m+fp/hard\libgcc.a(_arm_unorddf2.o)
                0x0800116c                __unorddf2
                0x0800116c                __aeabi_dcmpun
 .text          0x08001198       0x50 c:/progra~2/gnuarm~1/102021~1.10/bin/../lib/gcc/arm-none-eabi/10.3.1/thumb/v7e-m+fp/hard\libgcc.a(_arm_fixdfsi.o)
                0x08001198                __aeabi_d2iz
                0x08001198                __fixdfsi
 *(.text*)
 .text.calc_output_PID_AW
                0x080011e8      0x11c CMakeFiles/shashutu_speed_test.elf.dir/Core/Src/PID_anti_windup.c.obj
                0x080011e8                calc_output_PID_AW
 .text.calc_output_PID_AW_pos
                0x08001304      0x114 CMakeFiles/shashutu_speed_test.elf.dir/Core/Src/PID_anti_windup_pos.c.obj
                0x08001304                calc_output_PID_AW_pos
 .text.MX_GPIO_Init
                0x08001418       0x9c CMakeFiles/shashutu_speed_test.elf.dir/Core/Src/main.c.obj
 .text.MX_DMA_Init
                0x080014b4       0x44 CMakeFiles/shashutu_speed_test.elf.dir/Core/Src/main.c.obj
 .text._write   0x080014f8       0x18 CMakeFiles/shashutu_speed_test.elf.dir/Core/Src/main.c.obj
                0x080014f8                _write
 .text.ADC_VAL_to_pos
                0x08001510       0x28 CMakeFiles/shashutu_speed_test.elf.dir/Core/Src/main.c.obj
                0x08001510                ADC_VAL_to_pos
 .text.HAL_TIM_PeriodElapsedCallback
                0x08001538      0x24c CMakeFiles/shashutu_speed_test.elf.dir/Core/Src/main.c.obj
                0x08001538                HAL_TIM_PeriodElapsedCallback
 .text.Error_Handler
                0x08001784        0x4 CMakeFiles/shashutu_speed_test.elf.dir/Core/Src/main.c.obj
                0x08001784                Error_Handler
 .text.MX_ADC1_Init
                0x08001788       0x98 CMakeFiles/shashutu_speed_test.elf.dir/Core/Src/main.c.obj
 .text.MX_TIM1_Init
                0x08001820       0xf0 CMakeFiles/shashutu_speed_test.elf.dir/Core/Src/main.c.obj
 .text.MX_TIM2_Init
                0x08001910       0x68 CMakeFiles/shashutu_speed_test.elf.dir/Core/Src/main.c.obj
 .text.MX_TIM4_Init
                0x08001978       0x6c CMakeFiles/shashutu_speed_test.elf.dir/Core/Src/main.c.obj
 .text.MX_USART2_UART_Init
                0x080019e4       0x60 CMakeFiles/shashutu_speed_test.elf.dir/Core/Src/main.c.obj
 .text.SystemClock_Config
                0x08001a44       0x96 CMakeFiles/shashutu_speed_test.elf.dir/Core/Src/main.c.obj
                0x08001a44                SystemClock_Config
 *fill*         0x08001ada        0x2 
 .text.main     0x08001adc       0xbc CMakeFiles/shashutu_speed_test.elf.dir/Core/Src/main.c.obj
                0x08001adc                main
 .text.HAL_MspInit
                0x08001b98       0x38 CMakeFiles/shashutu_speed_test.elf.dir/Core/Src/stm32g4xx_hal_msp.c.obj
                0x08001b98                HAL_MspInit
 .text.HAL_ADC_MspInit
                0x08001bd0       0xa4 CMakeFiles/shashutu_speed_test.elf.dir/Core/Src/stm32g4xx_hal_msp.c.obj
                0x08001bd0                HAL_ADC_MspInit
 .text.HAL_TIM_Base_MspInit
                0x08001c74       0xa0 CMakeFiles/shashutu_speed_test.elf.dir/Core/Src/stm32g4xx_hal_msp.c.obj
                0x08001c74                HAL_TIM_Base_MspInit
 .text.HAL_TIM_MspPostInit
                0x08001d14       0x54 CMakeFiles/shashutu_speed_test.elf.dir/Core/Src/stm32g4xx_hal_msp.c.obj
                0x08001d14                HAL_TIM_MspPostInit
 .text.HAL_UART_MspInit
                0x08001d68       0x64 CMakeFiles/shashutu_speed_test.elf.dir/Core/Src/stm32g4xx_hal_msp.c.obj
                0x08001d68                HAL_UART_MspInit
 .text.HAL_InitTick
                0x08001dcc       0x94 CMakeFiles/shashutu_speed_test.elf.dir/Core/Src/stm32g4xx_hal_timebase_tim.c.obj
                0x08001dcc                HAL_InitTick
 .text.NMI_Handler
                0x08001e60        0x2 CMakeFiles/shashutu_speed_test.elf.dir/Core/Src/stm32g4xx_it.c.obj
                0x08001e60                NMI_Handler
 .text.HardFault_Handler
                0x08001e62        0x2 CMakeFiles/shashutu_speed_test.elf.dir/Core/Src/stm32g4xx_it.c.obj
                0x08001e62                HardFault_Handler
 .text.MemManage_Handler
                0x08001e64        0x2 CMakeFiles/shashutu_speed_test.elf.dir/Core/Src/stm32g4xx_it.c.obj
                0x08001e64                MemManage_Handler
 .text.BusFault_Handler
                0x08001e66        0x2 CMakeFiles/shashutu_speed_test.elf.dir/Core/Src/stm32g4xx_it.c.obj
                0x08001e66                BusFault_Handler
 .text.UsageFault_Handler
                0x08001e68        0x2 CMakeFiles/shashutu_speed_test.elf.dir/Core/Src/stm32g4xx_it.c.obj
                0x08001e68                UsageFault_Handler
 .text.SVC_Handler
                0x08001e6a        0x2 CMakeFiles/shashutu_speed_test.elf.dir/Core/Src/stm32g4xx_it.c.obj
                0x08001e6a                SVC_Handler
 .text.DebugMon_Handler
                0x08001e6c        0x2 CMakeFiles/shashutu_speed_test.elf.dir/Core/Src/stm32g4xx_it.c.obj
                0x08001e6c                DebugMon_Handler
 .text.PendSV_Handler
                0x08001e6e        0x2 CMakeFiles/shashutu_speed_test.elf.dir/Core/Src/stm32g4xx_it.c.obj
                0x08001e6e                PendSV_Handler
 .text.SysTick_Handler
                0x08001e70        0x2 CMakeFiles/shashutu_speed_test.elf.dir/Core/Src/stm32g4xx_it.c.obj
                0x08001e70                SysTick_Handler
 *fill*         0x08001e72        0x2 
 .text.DMA1_Channel1_IRQHandler
                0x08001e74       0x10 CMakeFiles/shashutu_speed_test.elf.dir/Core/Src/stm32g4xx_it.c.obj
                0x08001e74                DMA1_Channel1_IRQHandler
 .text.TIM1_BRK_TIM15_IRQHandler
                0x08001e84       0x18 CMakeFiles/shashutu_speed_test.elf.dir/Core/Src/stm32g4xx_it.c.obj
                0x08001e84                TIM1_BRK_TIM15_IRQHandler
 .text.TIM2_IRQHandler
                0x08001e9c       0x10 CMakeFiles/shashutu_speed_test.elf.dir/Core/Src/stm32g4xx_it.c.obj
                0x08001e9c                TIM2_IRQHandler
 .text.TIM4_IRQHandler
                0x08001eac       0x10 CMakeFiles/shashutu_speed_test.elf.dir/Core/Src/stm32g4xx_it.c.obj
                0x08001eac                TIM4_IRQHandler
 .text._getpid  0x08001ebc        0x4 CMakeFiles/shashutu_speed_test.elf.dir/Core/Src/syscalls.c.obj
                0x08001ebc                _getpid
 .text._kill    0x08001ec0       0x10 CMakeFiles/shashutu_speed_test.elf.dir/Core/Src/syscalls.c.obj
                0x08001ec0                _kill
 .text._exit    0x08001ed0        0xc CMakeFiles/shashutu_speed_test.elf.dir/Core/Src/syscalls.c.obj
                0x08001ed0                _exit
 .text._read    0x08001edc       0x20 CMakeFiles/shashutu_speed_test.elf.dir/Core/Src/syscalls.c.obj
                0x08001edc                _read
 .text._close   0x08001efc        0x6 CMakeFiles/shashutu_speed_test.elf.dir/Core/Src/syscalls.c.obj
                0x08001efc                _close
 .text._fstat   0x08001f02        0xa CMakeFiles/shashutu_speed_test.elf.dir/Core/Src/syscalls.c.obj
                0x08001f02                _fstat
 .text._isatty  0x08001f0c        0x4 CMakeFiles/shashutu_speed_test.elf.dir/Core/Src/syscalls.c.obj
                0x08001f0c                _isatty
 .text._lseek   0x08001f10        0x4 CMakeFiles/shashutu_speed_test.elf.dir/Core/Src/syscalls.c.obj
                0x08001f10                _lseek
 .text._sbrk    0x08001f14       0x48 CMakeFiles/shashutu_speed_test.elf.dir/Core/Src/sysmem.c.obj
                0x08001f14                _sbrk
 .text.SystemInit
                0x08001f5c       0x14 CMakeFiles/shashutu_speed_test.elf.dir/Core/Src/system_stm32g4xx.c.obj
                0x08001f5c                SystemInit
 .text.Reset_Handler
                0x08001f70       0x50 CMakeFiles/shashutu_speed_test.elf.dir/Core/Startup/startup_stm32g431kbtx.s.obj
                0x08001f70                Reset_Handler
 .text.Default_Handler
                0x08001fc0        0x2 CMakeFiles/shashutu_speed_test.elf.dir/Core/Startup/startup_stm32g431kbtx.s.obj
                0x08001fc0                RTC_Alarm_IRQHandler
                0x08001fc0                EXTI2_IRQHandler
                0x08001fc0                TIM8_TRG_COM_IRQHandler
                0x08001fc0                TIM8_CC_IRQHandler
                0x08001fc0                TIM1_CC_IRQHandler
                0x08001fc0                USB_HP_IRQHandler
                0x08001fc0                CORDIC_IRQHandler
                0x08001fc0                EXTI3_IRQHandler
                0x08001fc0                I2C3_ER_IRQHandler
                0x08001fc0                EXTI0_IRQHandler
                0x08001fc0                I2C2_EV_IRQHandler
                0x08001fc0                FPU_IRQHandler
                0x08001fc0                FDCAN1_IT1_IRQHandler
                0x08001fc0                TIM1_UP_TIM16_IRQHandler
                0x08001fc0                ADC1_2_IRQHandler
                0x08001fc0                SPI1_IRQHandler
                0x08001fc0                TIM6_DAC_IRQHandler
                0x08001fc0                TIM8_UP_IRQHandler
                0x08001fc0                DMA2_Channel2_IRQHandler
                0x08001fc0                DMA1_Channel4_IRQHandler
                0x08001fc0                USART3_IRQHandler
                0x08001fc0                DMA2_Channel1_IRQHandler
                0x08001fc0                I2C1_EV_IRQHandler
                0x08001fc0                DMA1_Channel6_IRQHandler
                0x08001fc0                UART4_IRQHandler
                0x08001fc0                DMA2_Channel4_IRQHandler
                0x08001fc0                TIM3_IRQHandler
                0x08001fc0                RCC_IRQHandler
                0x08001fc0                Default_Handler
                0x08001fc0                RTC_TAMP_LSECSS_IRQHandler
                0x08001fc0                FMAC_IRQHandler
                0x08001fc0                EXTI15_10_IRQHandler
                0x08001fc0                TIM7_IRQHandler
                0x08001fc0                UCPD1_IRQHandler
                0x08001fc0                I2C3_EV_IRQHandler
                0x08001fc0                EXTI9_5_IRQHandler
                0x08001fc0                RTC_WKUP_IRQHandler
                0x08001fc0                PVD_PVM_IRQHandler
                0x08001fc0                SPI2_IRQHandler
                0x08001fc0                DMA2_Channel5_IRQHandler
                0x08001fc0                CRS_IRQHandler
                0x08001fc0                DMA1_Channel5_IRQHandler
                0x08001fc0                USB_LP_IRQHandler
                0x08001fc0                EXTI4_IRQHandler
                0x08001fc0                RNG_IRQHandler
                0x08001fc0                TIM1_TRG_COM_TIM17_IRQHandler
                0x08001fc0                DMA1_Channel3_IRQHandler
                0x08001fc0                WWDG_IRQHandler
                0x08001fc0                LPUART1_IRQHandler
                0x08001fc0                DMA2_Channel6_IRQHandler
                0x08001fc0                FDCAN1_IT0_IRQHandler
                0x08001fc0                COMP1_2_3_IRQHandler
                0x08001fc0                EXTI1_IRQHandler
                0x08001fc0                USART2_IRQHandler
                0x08001fc0                I2C2_ER_IRQHandler
                0x08001fc0                DMA1_Channel2_IRQHandler
                0x08001fc0                TIM8_BRK_IRQHandler
                0x08001fc0                FLASH_IRQHandler
                0x08001fc0                USART1_IRQHandler
                0x08001fc0                SPI3_IRQHandler
                0x08001fc0                I2C1_ER_IRQHandler
                0x08001fc0                LPTIM1_IRQHandler
                0x08001fc0                DMAMUX_OVR_IRQHandler
                0x08001fc0                USBWakeUp_IRQHandler
                0x08001fc0                SAI1_IRQHandler
                0x08001fc0                DMA2_Channel3_IRQHandler
                0x08001fc0                COMP4_IRQHandler
 .text.HAL_Init
                0x08001fc2       0x1e CMakeFiles/shashutu_speed_test.elf.dir/Drivers/STM32G4xx_HAL_Driver/Src/stm32g4xx_hal.c.obj
                0x08001fc2                HAL_Init
 .text.HAL_IncTick
                0x08001fe0       0x18 CMakeFiles/shashutu_speed_test.elf.dir/Drivers/STM32G4xx_HAL_Driver/Src/stm32g4xx_hal.c.obj
                0x08001fe0                HAL_IncTick
 .text.HAL_GetTick
                0x08001ff8        0xc CMakeFiles/shashutu_speed_test.elf.dir/Drivers/STM32G4xx_HAL_Driver/Src/stm32g4xx_hal.c.obj
                0x08001ff8                HAL_GetTick
 .text.HAL_Delay
                0x08002004       0x28 CMakeFiles/shashutu_speed_test.elf.dir/Drivers/STM32G4xx_HAL_Driver/Src/stm32g4xx_hal.c.obj
                0x08002004                HAL_Delay
 .text.HAL_ADC_Init
                0x0800202c      0x240 CMakeFiles/shashutu_speed_test.elf.dir/Drivers/STM32G4xx_HAL_Driver/Src/stm32g4xx_hal_adc.c.obj
                0x0800202c                HAL_ADC_Init
 .text.HAL_ADC_ConvCpltCallback
                0x0800226c        0x2 CMakeFiles/shashutu_speed_test.elf.dir/Drivers/STM32G4xx_HAL_Driver/Src/stm32g4xx_hal_adc.c.obj
                0x0800226c                HAL_ADC_ConvCpltCallback
 .text.HAL_ADC_ConvHalfCpltCallback
                0x0800226e        0x2 CMakeFiles/shashutu_speed_test.elf.dir/Drivers/STM32G4xx_HAL_Driver/Src/stm32g4xx_hal_adc.c.obj
                0x0800226e                HAL_ADC_ConvHalfCpltCallback
 .text.ADC_DMAHalfConvCplt
                0x08002270        0xa CMakeFiles/shashutu_speed_test.elf.dir/Drivers/STM32G4xx_HAL_Driver/Src/stm32g4xx_hal_adc.c.obj
                0x08002270                ADC_DMAHalfConvCplt
 .text.HAL_ADC_ErrorCallback
                0x0800227a        0x2 CMakeFiles/shashutu_speed_test.elf.dir/Drivers/STM32G4xx_HAL_Driver/Src/stm32g4xx_hal_adc.c.obj
                0x0800227a                HAL_ADC_ErrorCallback
 .text.ADC_DMAConvCplt
                0x0800227c       0x88 CMakeFiles/shashutu_speed_test.elf.dir/Drivers/STM32G4xx_HAL_Driver/Src/stm32g4xx_hal_adc.c.obj
                0x0800227c                ADC_DMAConvCplt
 .text.ADC_DMAError
                0x08002304       0x1a CMakeFiles/shashutu_speed_test.elf.dir/Drivers/STM32G4xx_HAL_Driver/Src/stm32g4xx_hal_adc.c.obj
                0x08002304                ADC_DMAError
 *fill*         0x0800231e        0x2 
 .text.HAL_ADC_ConfigChannel
                0x08002320      0x4e4 CMakeFiles/shashutu_speed_test.elf.dir/Drivers/STM32G4xx_HAL_Driver/Src/stm32g4xx_hal_adc.c.obj
                0x08002320                HAL_ADC_ConfigChannel
 .text.ADC_Enable
                0x08002804       0x98 CMakeFiles/shashutu_speed_test.elf.dir/Drivers/STM32G4xx_HAL_Driver/Src/stm32g4xx_hal_adc.c.obj
                0x08002804                ADC_Enable
 .text.HAL_ADC_Start_DMA
                0x0800289c      0x104 CMakeFiles/shashutu_speed_test.elf.dir/Drivers/STM32G4xx_HAL_Driver/Src/stm32g4xx_hal_adc.c.obj
                0x0800289c                HAL_ADC_Start_DMA
 .text.ADC_Disable
                0x080029a0       0x94 CMakeFiles/shashutu_speed_test.elf.dir/Drivers/STM32G4xx_HAL_Driver/Src/stm32g4xx_hal_adc.c.obj
                0x080029a0                ADC_Disable
 .text.HAL_ADCEx_Calibration_Start
                0x08002a34       0x9c CMakeFiles/shashutu_speed_test.elf.dir/Drivers/STM32G4xx_HAL_Driver/Src/stm32g4xx_hal_adc_ex.c.obj
                0x08002a34                HAL_ADCEx_Calibration_Start
 .text.HAL_ADCEx_MultiModeConfigChannel
                0x08002ad0      0x114 CMakeFiles/shashutu_speed_test.elf.dir/Drivers/STM32G4xx_HAL_Driver/Src/stm32g4xx_hal_adc_ex.c.obj
                0x08002ad0                HAL_ADCEx_MultiModeConfigChannel
 .text.HAL_NVIC_SetPriorityGrouping
                0x08002be4       0x24 CMakeFiles/shashutu_speed_test.elf.dir/Drivers/STM32G4xx_HAL_Driver/Src/stm32g4xx_hal_cortex.c.obj
                0x08002be4                HAL_NVIC_SetPriorityGrouping
 .text.HAL_NVIC_SetPriority
                0x08002c08       0x70 CMakeFiles/shashutu_speed_test.elf.dir/Drivers/STM32G4xx_HAL_Driver/Src/stm32g4xx_hal_cortex.c.obj
                0x08002c08                HAL_NVIC_SetPriority
 .text.HAL_NVIC_EnableIRQ
                0x08002c78       0x1c CMakeFiles/shashutu_speed_test.elf.dir/Drivers/STM32G4xx_HAL_Driver/Src/stm32g4xx_hal_cortex.c.obj
                0x08002c78                HAL_NVIC_EnableIRQ
 .text.DMA_SetConfig
                0x08002c94       0x42 CMakeFiles/shashutu_speed_test.elf.dir/Drivers/STM32G4xx_HAL_Driver/Src/stm32g4xx_hal_dma.c.obj
 *fill*         0x08002cd6        0x2 
 .text.DMA_CalcDMAMUXChannelBaseAndMask
                0x08002cd8       0x48 CMakeFiles/shashutu_speed_test.elf.dir/Drivers/STM32G4xx_HAL_Driver/Src/stm32g4xx_hal_dma.c.obj
 .text.DMA_CalcDMAMUXRequestGenBaseAndMask
                0x08002d20       0x28 CMakeFiles/shashutu_speed_test.elf.dir/Drivers/STM32G4xx_HAL_Driver/Src/stm32g4xx_hal_dma.c.obj
 .text.HAL_DMA_Init
                0x08002d48       0xd8 CMakeFiles/shashutu_speed_test.elf.dir/Drivers/STM32G4xx_HAL_Driver/Src/stm32g4xx_hal_dma.c.obj
                0x08002d48                HAL_DMA_Init
 .text.HAL_DMA_Start_IT
                0x08002e20       0x94 CMakeFiles/shashutu_speed_test.elf.dir/Drivers/STM32G4xx_HAL_Driver/Src/stm32g4xx_hal_dma.c.obj
                0x08002e20                HAL_DMA_Start_IT
 .text.HAL_DMA_IRQHandler
                0x08002eb4       0xc4 CMakeFiles/shashutu_speed_test.elf.dir/Drivers/STM32G4xx_HAL_Driver/Src/stm32g4xx_hal_dma.c.obj
                0x08002eb4                HAL_DMA_IRQHandler
 .text.HAL_GPIO_Init
                0x08002f78      0x1b4 CMakeFiles/shashutu_speed_test.elf.dir/Drivers/STM32G4xx_HAL_Driver/Src/stm32g4xx_hal_gpio.c.obj
                0x08002f78                HAL_GPIO_Init
 .text.HAL_GPIO_ReadPin
                0x0800312c        0xe CMakeFiles/shashutu_speed_test.elf.dir/Drivers/STM32G4xx_HAL_Driver/Src/stm32g4xx_hal_gpio.c.obj
                0x0800312c                HAL_GPIO_ReadPin
 .text.HAL_GPIO_WritePin
                0x0800313a        0xa CMakeFiles/shashutu_speed_test.elf.dir/Drivers/STM32G4xx_HAL_Driver/Src/stm32g4xx_hal_gpio.c.obj
                0x0800313a                HAL_GPIO_WritePin
 .text.HAL_PWREx_ControlVoltageScaling
                0x08003144      0x10c CMakeFiles/shashutu_speed_test.elf.dir/Drivers/STM32G4xx_HAL_Driver/Src/stm32g4xx_hal_pwr_ex.c.obj
                0x08003144                HAL_PWREx_ControlVoltageScaling
 .text.HAL_PWREx_DisableUCPDDeadBattery
                0x08003250       0x10 CMakeFiles/shashutu_speed_test.elf.dir/Drivers/STM32G4xx_HAL_Driver/Src/stm32g4xx_hal_pwr_ex.c.obj
                0x08003250                HAL_PWREx_DisableUCPDDeadBattery
 .text.RCC_GetSysClockFreqFromPLLSource
                0x08003260       0x58 CMakeFiles/shashutu_speed_test.elf.dir/Drivers/STM32G4xx_HAL_Driver/Src/stm32g4xx_hal_rcc.c.obj
 .text.HAL_RCC_OscConfig
                0x080032b8      0x4e8 CMakeFiles/shashutu_speed_test.elf.dir/Drivers/STM32G4xx_HAL_Driver/Src/stm32g4xx_hal_rcc.c.obj
                0x080032b8                HAL_RCC_OscConfig
 .text.HAL_RCC_GetSysClockFreq
                0x080037a0       0x88 CMakeFiles/shashutu_speed_test.elf.dir/Drivers/STM32G4xx_HAL_Driver/Src/stm32g4xx_hal_rcc.c.obj
                0x080037a0                HAL_RCC_GetSysClockFreq
 .text.HAL_RCC_ClockConfig
                0x08003828      0x1f8 CMakeFiles/shashutu_speed_test.elf.dir/Drivers/STM32G4xx_HAL_Driver/Src/stm32g4xx_hal_rcc.c.obj
                0x08003828                HAL_RCC_ClockConfig
 .text.HAL_RCC_GetHCLKFreq
                0x08003a20        0xc CMakeFiles/shashutu_speed_test.elf.dir/Drivers/STM32G4xx_HAL_Driver/Src/stm32g4xx_hal_rcc.c.obj
                0x08003a20                HAL_RCC_GetHCLKFreq
 .text.HAL_RCC_GetPCLK1Freq
                0x08003a2c       0x24 CMakeFiles/shashutu_speed_test.elf.dir/Drivers/STM32G4xx_HAL_Driver/Src/stm32g4xx_hal_rcc.c.obj
                0x08003a2c                HAL_RCC_GetPCLK1Freq
 .text.HAL_RCC_GetPCLK2Freq
                0x08003a50       0x24 CMakeFiles/shashutu_speed_test.elf.dir/Drivers/STM32G4xx_HAL_Driver/Src/stm32g4xx_hal_rcc.c.obj
                0x08003a50                HAL_RCC_GetPCLK2Freq
 .text.HAL_RCC_GetClockConfig
                0x08003a74       0x3c CMakeFiles/shashutu_speed_test.elf.dir/Drivers/STM32G4xx_HAL_Driver/Src/stm32g4xx_hal_rcc.c.obj
                0x08003a74                HAL_RCC_GetClockConfig
 .text.HAL_RCCEx_PeriphCLKConfig
                0x08003ab0      0x2e4 CMakeFiles/shashutu_speed_test.elf.dir/Drivers/STM32G4xx_HAL_Driver/Src/stm32g4xx_hal_rcc_ex.c.obj
                0x08003ab0                HAL_RCCEx_PeriphCLKConfig
 .text.TIM_OC1_SetConfig
                0x08003d94       0xa0 CMakeFiles/shashutu_speed_test.elf.dir/Drivers/STM32G4xx_HAL_Driver/Src/stm32g4xx_hal_tim.c.obj
 .text.TIM_OC3_SetConfig
                0x08003e34       0x8c CMakeFiles/shashutu_speed_test.elf.dir/Drivers/STM32G4xx_HAL_Driver/Src/stm32g4xx_hal_tim.c.obj
 .text.TIM_OC4_SetConfig
                0x08003ec0       0x8c CMakeFiles/shashutu_speed_test.elf.dir/Drivers/STM32G4xx_HAL_Driver/Src/stm32g4xx_hal_tim.c.obj
 .text.TIM_OC5_SetConfig
                0x08003f4c       0x68 CMakeFiles/shashutu_speed_test.elf.dir/Drivers/STM32G4xx_HAL_Driver/Src/stm32g4xx_hal_tim.c.obj
 .text.TIM_OC6_SetConfig
                0x08003fb4       0x6c CMakeFiles/shashutu_speed_test.elf.dir/Drivers/STM32G4xx_HAL_Driver/Src/stm32g4xx_hal_tim.c.obj
 .text.TIM_TI1_ConfigInputStage
                0x08004020       0x26 CMakeFiles/shashutu_speed_test.elf.dir/Drivers/STM32G4xx_HAL_Driver/Src/stm32g4xx_hal_tim.c.obj
 .text.TIM_TI2_ConfigInputStage
                0x08004046       0x28 CMakeFiles/shashutu_speed_test.elf.dir/Drivers/STM32G4xx_HAL_Driver/Src/stm32g4xx_hal_tim.c.obj
 .text.TIM_ITRx_SetConfig
                0x0800406e       0x14 CMakeFiles/shashutu_speed_test.elf.dir/Drivers/STM32G4xx_HAL_Driver/Src/stm32g4xx_hal_tim.c.obj
 *fill*         0x08004082        0x2 
 .text.HAL_TIM_Base_Start_IT
                0x08004084       0x84 CMakeFiles/shashutu_speed_test.elf.dir/Drivers/STM32G4xx_HAL_Driver/Src/stm32g4xx_hal_tim.c.obj
                0x08004084                HAL_TIM_Base_Start_IT
 .text.HAL_TIM_Base_Stop_IT
                0x08004108       0x32 CMakeFiles/shashutu_speed_test.elf.dir/Drivers/STM32G4xx_HAL_Driver/Src/stm32g4xx_hal_tim.c.obj
                0x08004108                HAL_TIM_Base_Stop_IT
 .text.HAL_TIM_PWM_MspInit
                0x0800413a        0x2 CMakeFiles/shashutu_speed_test.elf.dir/Drivers/STM32G4xx_HAL_Driver/Src/stm32g4xx_hal_tim.c.obj
                0x0800413a                HAL_TIM_PWM_MspInit
 .text.HAL_TIM_OC_DelayElapsedCallback
                0x0800413c        0x2 CMakeFiles/shashutu_speed_test.elf.dir/Drivers/STM32G4xx_HAL_Driver/Src/stm32g4xx_hal_tim.c.obj
                0x0800413c                HAL_TIM_OC_DelayElapsedCallback
 .text.HAL_TIM_IC_CaptureCallback
                0x0800413e        0x2 CMakeFiles/shashutu_speed_test.elf.dir/Drivers/STM32G4xx_HAL_Driver/Src/stm32g4xx_hal_tim.c.obj
                0x0800413e                HAL_TIM_IC_CaptureCallback
 .text.HAL_TIM_PWM_PulseFinishedCallback
                0x08004140        0x2 CMakeFiles/shashutu_speed_test.elf.dir/Drivers/STM32G4xx_HAL_Driver/Src/stm32g4xx_hal_tim.c.obj
                0x08004140                HAL_TIM_PWM_PulseFinishedCallback
 .text.HAL_TIM_TriggerCallback
                0x08004142        0x2 CMakeFiles/shashutu_speed_test.elf.dir/Drivers/STM32G4xx_HAL_Driver/Src/stm32g4xx_hal_tim.c.obj
                0x08004142                HAL_TIM_TriggerCallback
 .text.HAL_TIM_IRQHandler
                0x08004144      0x21e CMakeFiles/shashutu_speed_test.elf.dir/Drivers/STM32G4xx_HAL_Driver/Src/stm32g4xx_hal_tim.c.obj
                0x08004144                HAL_TIM_IRQHandler
 *fill*         0x08004362        0x2 
 .text.TIM_Base_SetConfig
                0x08004364       0xb8 CMakeFiles/shashutu_speed_test.elf.dir/Drivers/STM32G4xx_HAL_Driver/Src/stm32g4xx_hal_tim.c.obj
                0x08004364                TIM_Base_SetConfig
 .text.HAL_TIM_Base_Init
                0x0800441c       0x60 CMakeFiles/shashutu_speed_test.elf.dir/Drivers/STM32G4xx_HAL_Driver/Src/stm32g4xx_hal_tim.c.obj
                0x0800441c                HAL_TIM_Base_Init
 .text.HAL_TIM_PWM_Init
                0x0800447c       0x60 CMakeFiles/shashutu_speed_test.elf.dir/Drivers/STM32G4xx_HAL_Driver/Src/stm32g4xx_hal_tim.c.obj
                0x0800447c                HAL_TIM_PWM_Init
 .text.TIM_OC2_SetConfig
                0x080044dc       0x8c CMakeFiles/shashutu_speed_test.elf.dir/Drivers/STM32G4xx_HAL_Driver/Src/stm32g4xx_hal_tim.c.obj
                0x080044dc                TIM_OC2_SetConfig
 .text.HAL_TIM_PWM_ConfigChannel
                0x08004568      0x128 CMakeFiles/shashutu_speed_test.elf.dir/Drivers/STM32G4xx_HAL_Driver/Src/stm32g4xx_hal_tim.c.obj
                0x08004568                HAL_TIM_PWM_ConfigChannel
 .text.TIM_ETR_SetConfig
                0x08004690       0x1a CMakeFiles/shashutu_speed_test.elf.dir/Drivers/STM32G4xx_HAL_Driver/Src/stm32g4xx_hal_tim.c.obj
                0x08004690                TIM_ETR_SetConfig
 *fill*         0x080046aa        0x2 
 .text.HAL_TIM_ConfigClockSource
                0x080046ac      0x108 CMakeFiles/shashutu_speed_test.elf.dir/Drivers/STM32G4xx_HAL_Driver/Src/stm32g4xx_hal_tim.c.obj
                0x080046ac                HAL_TIM_ConfigClockSource
 .text.TIM_CCxChannelCmd
                0x080047b4       0x1e CMakeFiles/shashutu_speed_test.elf.dir/Drivers/STM32G4xx_HAL_Driver/Src/stm32g4xx_hal_tim.c.obj
                0x080047b4                TIM_CCxChannelCmd
 *fill*         0x080047d2        0x2 
 .text.HAL_TIM_PWM_Start
                0x080047d4      0x158 CMakeFiles/shashutu_speed_test.elf.dir/Drivers/STM32G4xx_HAL_Driver/Src/stm32g4xx_hal_tim.c.obj
                0x080047d4                HAL_TIM_PWM_Start
 .text.HAL_TIMEx_MasterConfigSynchronization
                0x0800492c       0x94 CMakeFiles/shashutu_speed_test.elf.dir/Drivers/STM32G4xx_HAL_Driver/Src/stm32g4xx_hal_tim_ex.c.obj
                0x0800492c                HAL_TIMEx_MasterConfigSynchronization
 .text.HAL_TIMEx_ConfigBreakDeadTime
                0x080049c0       0xbc CMakeFiles/shashutu_speed_test.elf.dir/Drivers/STM32G4xx_HAL_Driver/Src/stm32g4xx_hal_tim_ex.c.obj
                0x080049c0                HAL_TIMEx_ConfigBreakDeadTime
 .text.HAL_TIMEx_CommutCallback
                0x08004a7c        0x2 CMakeFiles/shashutu_speed_test.elf.dir/Drivers/STM32G4xx_HAL_Driver/Src/stm32g4xx_hal_tim_ex.c.obj
                0x08004a7c                HAL_TIMEx_CommutCallback
 .text.HAL_TIMEx_BreakCallback
                0x08004a7e        0x2 CMakeFiles/shashutu_speed_test.elf.dir/Drivers/STM32G4xx_HAL_Driver/Src/stm32g4xx_hal_tim_ex.c.obj
                0x08004a7e                HAL_TIMEx_BreakCallback
 .text.HAL_TIMEx_Break2Callback
                0x08004a80        0x2 CMakeFiles/shashutu_speed_test.elf.dir/Drivers/STM32G4xx_HAL_Driver/Src/stm32g4xx_hal_tim_ex.c.obj
                0x08004a80                HAL_TIMEx_Break2Callback
 .text.HAL_TIMEx_EncoderIndexCallback
                0x08004a82        0x2 CMakeFiles/shashutu_speed_test.elf.dir/Drivers/STM32G4xx_HAL_Driver/Src/stm32g4xx_hal_tim_ex.c.obj
                0x08004a82                HAL_TIMEx_EncoderIndexCallback
 .text.HAL_TIMEx_DirectionChangeCallback
                0x08004a84        0x2 CMakeFiles/shashutu_speed_test.elf.dir/Drivers/STM32G4xx_HAL_Driver/Src/stm32g4xx_hal_tim_ex.c.obj
                0x08004a84                HAL_TIMEx_DirectionChangeCallback
 .text.HAL_TIMEx_IndexErrorCallback
                0x08004a86        0x2 CMakeFiles/shashutu_speed_test.elf.dir/Drivers/STM32G4xx_HAL_Driver/Src/stm32g4xx_hal_tim_ex.c.obj
                0x08004a86                HAL_TIMEx_IndexErrorCallback
 .text.HAL_TIMEx_TransitionErrorCallback
                0x08004a88        0x2 CMakeFiles/shashutu_speed_test.elf.dir/Drivers/STM32G4xx_HAL_Driver/Src/stm32g4xx_hal_tim_ex.c.obj
                0x08004a88                HAL_TIMEx_TransitionErrorCallback
 *fill*         0x08004a8a        0x2 
 .text.UART_SetConfig
                0x08004a8c      0x344 CMakeFiles/shashutu_speed_test.elf.dir/Drivers/STM32G4xx_HAL_Driver/Src/stm32g4xx_hal_uart.c.obj
                0x08004a8c                UART_SetConfig
 .text.UART_AdvFeatureConfig
                0x08004dd0       0xca CMakeFiles/shashutu_speed_test.elf.dir/Drivers/STM32G4xx_HAL_Driver/Src/stm32g4xx_hal_uart.c.obj
                0x08004dd0                UART_AdvFeatureConfig
 .text.UART_WaitOnFlagUntilTimeout
                0x08004e9a       0xb0 CMakeFiles/shashutu_speed_test.elf.dir/Drivers/STM32G4xx_HAL_Driver/Src/stm32g4xx_hal_uart.c.obj
                0x08004e9a                UART_WaitOnFlagUntilTimeout
 .text.HAL_UART_Transmit
                0x08004f4a       0xde CMakeFiles/shashutu_speed_test.elf.dir/Drivers/STM32G4xx_HAL_Driver/Src/stm32g4xx_hal_uart.c.obj
                0x08004f4a                HAL_UART_Transmit
 .text.UART_CheckIdleState
                0x08005028       0x74 CMakeFiles/shashutu_speed_test.elf.dir/Drivers/STM32G4xx_HAL_Driver/Src/stm32g4xx_hal_uart.c.obj
                0x08005028                UART_CheckIdleState
 .text.HAL_UART_Init
                0x0800509c       0x66 CMakeFiles/shashutu_speed_test.elf.dir/Drivers/STM32G4xx_HAL_Driver/Src/stm32g4xx_hal_uart.c.obj
                0x0800509c                HAL_UART_Init
 *fill*         0x08005102        0x2 
 .text.UARTEx_SetNbDataToProcess
                0x08005104       0x4c CMakeFiles/shashutu_speed_test.elf.dir/Drivers/STM32G4xx_HAL_Driver/Src/stm32g4xx_hal_uart_ex.c.obj
 .text.HAL_UARTEx_DisableFifoMode
                0x08005150       0x3e CMakeFiles/shashutu_speed_test.elf.dir/Drivers/STM32G4xx_HAL_Driver/Src/stm32g4xx_hal_uart_ex.c.obj
                0x08005150                HAL_UARTEx_DisableFifoMode
 .text.HAL_UARTEx_SetTxFifoThreshold
                0x0800518e       0x4a CMakeFiles/shashutu_speed_test.elf.dir/Drivers/STM32G4xx_HAL_Driver/Src/stm32g4xx_hal_uart_ex.c.obj
                0x0800518e                HAL_UARTEx_SetTxFifoThreshold
 .text.HAL_UARTEx_SetRxFifoThreshold
                0x080051d8       0x4a CMakeFiles/shashutu_speed_test.elf.dir/Drivers/STM32G4xx_HAL_Driver/Src/stm32g4xx_hal_uart_ex.c.obj
                0x080051d8                HAL_UARTEx_SetRxFifoThreshold
 *fill*         0x08005222        0x2 
 .text.__errno  0x08005224        0xc c:/progra~2/gnuarm~1/102021~1.10/bin/../lib/gcc/arm-none-eabi/10.3.1/../../../../arm-none-eabi/lib/thumb/v7e-m+fp/hard\libg.a(lib_a-errno.o)
                0x08005224                __errno
 .text.__libc_init_array
                0x08005230       0x48 c:/progra~2/gnuarm~1/102021~1.10/bin/../lib/gcc/arm-none-eabi/10.3.1/../../../../arm-none-eabi/lib/thumb/v7e-m+fp/hard\libg.a(lib_a-init.o)
                0x08005230                __libc_init_array
 .text.memset   0x08005278       0xa4 c:/progra~2/gnuarm~1/102021~1.10/bin/../lib/gcc/arm-none-eabi/10.3.1/../../../../arm-none-eabi/lib/thumb/v7e-m+fp/hard\libg.a(lib_a-memset.o)
                0x08005278                memset
 .text.printf   0x0800531c       0x28 c:/progra~2/gnuarm~1/102021~1.10/bin/../lib/gcc/arm-none-eabi/10.3.1/../../../../arm-none-eabi/lib/thumb/v7e-m+fp/hard\libg.a(lib_a-printf.o)
                0x0800531c                printf
 .text.setbuf   0x08005344       0x10 c:/progra~2/gnuarm~1/102021~1.10/bin/../lib/gcc/arm-none-eabi/10.3.1/../../../../arm-none-eabi/lib/thumb/v7e-m+fp/hard\libg.a(lib_a-setbuf.o)
                0x08005344                setbuf
 .text.setvbuf  0x08005354      0x1b0 c:/progra~2/gnuarm~1/102021~1.10/bin/../lib/gcc/arm-none-eabi/10.3.1/../../../../arm-none-eabi/lib/thumb/v7e-m+fp/hard\libg.a(lib_a-setvbuf.o)
                0x08005354                setvbuf
 *fill*         0x08005504        0x4 
 .text._vfprintf_r
                0x08005508     0x1b90 c:/progra~2/gnuarm~1/102021~1.10/bin/../lib/gcc/arm-none-eabi/10.3.1/../../../../arm-none-eabi/lib/thumb/v7e-m+fp/hard\libg.a(lib_a-vfprintf.o)
                0x08005508                _vfprintf_r
 .text.__sbprintf
                0x08007098       0x80 c:/progra~2/gnuarm~1/102021~1.10/bin/../lib/gcc/arm-none-eabi/10.3.1/../../../../arm-none-eabi/lib/thumb/v7e-m+fp/hard\libg.a(lib_a-vfprintf.o)
 .text.__swsetup_r
                0x08007118       0xd4 c:/progra~2/gnuarm~1/102021~1.10/bin/../lib/gcc/arm-none-eabi/10.3.1/../../../../arm-none-eabi/lib/thumb/v7e-m+fp/hard\libg.a(lib_a-wsetup.o)
                0x08007118                __swsetup_r
 .text.startup.register_fini
                0x080071ec       0x14 c:/progra~2/gnuarm~1/102021~1.10/bin/../lib/gcc/arm-none-eabi/10.3.1/../../../../arm-none-eabi/lib/thumb/v7e-m+fp/hard\libg.a(lib_a-__call_atexit.o)
 .text.atexit   0x08007200        0xc c:/progra~2/gnuarm~1/102021~1.10/bin/../lib/gcc/arm-none-eabi/10.3.1/../../../../arm-none-eabi/lib/thumb/v7e-m+fp/hard\libg.a(lib_a-atexit.o)
                0x08007200                atexit
 .text.quorem   0x0800720c      0x128 c:/progra~2/gnuarm~1/102021~1.10/bin/../lib/gcc/arm-none-eabi/10.3.1/../../../../arm-none-eabi/lib/thumb/v7e-m+fp/hard\libg.a(lib_a-dtoa.o)
 *fill*         0x08007334        0x4 
 .text._dtoa_r  0x08007338      0xf3c c:/progra~2/gnuarm~1/102021~1.10/bin/../lib/gcc/arm-none-eabi/10.3.1/../../../../arm-none-eabi/lib/thumb/v7e-m+fp/hard\libg.a(lib_a-dtoa.o)
                0x08007338                _dtoa_r
 .text.__sflush_r
                0x08008274      0x130 c:/progra~2/gnuarm~1/102021~1.10/bin/../lib/gcc/arm-none-eabi/10.3.1/../../../../arm-none-eabi/lib/thumb/v7e-m+fp/hard\libg.a(lib_a-fflush.o)
                0x08008274                __sflush_r
 .text._fflush_r
                0x080083a4       0x5c c:/progra~2/gnuarm~1/102021~1.10/bin/../lib/gcc/arm-none-eabi/10.3.1/../../../../arm-none-eabi/lib/thumb/v7e-m+fp/hard\libg.a(lib_a-fflush.o)
                0x080083a4                _fflush_r
 .text._cleanup_r
                0x08008400        0xc c:/progra~2/gnuarm~1/102021~1.10/bin/../lib/gcc/arm-none-eabi/10.3.1/../../../../arm-none-eabi/lib/thumb/v7e-m+fp/hard\libg.a(lib_a-findfp.o)
                0x08008400                _cleanup_r
 .text.__sinit  0x0800840c      0x10c c:/progra~2/gnuarm~1/102021~1.10/bin/../lib/gcc/arm-none-eabi/10.3.1/../../../../arm-none-eabi/lib/thumb/v7e-m+fp/hard\libg.a(lib_a-findfp.o)
                0x0800840c                __sinit
 .text.__sfp_lock_acquire
                0x08008518        0xc c:/progra~2/gnuarm~1/102021~1.10/bin/../lib/gcc/arm-none-eabi/10.3.1/../../../../arm-none-eabi/lib/thumb/v7e-m+fp/hard\libg.a(lib_a-findfp.o)
                0x08008518                __sfp_lock_acquire
 .text.__sfp_lock_release
                0x08008524        0xc c:/progra~2/gnuarm~1/102021~1.10/bin/../lib/gcc/arm-none-eabi/10.3.1/../../../../arm-none-eabi/lib/thumb/v7e-m+fp/hard\libg.a(lib_a-findfp.o)
                0x08008524                __sfp_lock_release
 .text.__libc_fini_array
                0x08008530       0x2c c:/progra~2/gnuarm~1/102021~1.10/bin/../lib/gcc/arm-none-eabi/10.3.1/../../../../arm-none-eabi/lib/thumb/v7e-m+fp/hard\libg.a(lib_a-fini.o)
                0x08008530                __libc_fini_array
 .text._malloc_trim_r
                0x0800855c       0xa0 c:/progra~2/gnuarm~1/102021~1.10/bin/../lib/gcc/arm-none-eabi/10.3.1/../../../../arm-none-eabi/lib/thumb/v7e-m+fp/hard\libg.a(lib_a-freer.o)
                0x0800855c                _malloc_trim_r
 .text._free_r  0x080085fc      0x20c c:/progra~2/gnuarm~1/102021~1.10/bin/../lib/gcc/arm-none-eabi/10.3.1/../../../../arm-none-eabi/lib/thumb/v7e-m+fp/hard\libg.a(lib_a-freer.o)
                0x080085fc                _free_r
 .text._fwalk_reent
                0x08008808       0x48 c:/progra~2/gnuarm~1/102021~1.10/bin/../lib/gcc/arm-none-eabi/10.3.1/../../../../arm-none-eabi/lib/thumb/v7e-m+fp/hard\libg.a(lib_a-fwalk.o)
                0x08008808                _fwalk_reent
 .text._localeconv_r
                0x08008850        0x8 c:/progra~2/gnuarm~1/102021~1.10/bin/../lib/gcc/arm-none-eabi/10.3.1/../../../../arm-none-eabi/lib/thumb/v7e-m+fp/hard\libg.a(lib_a-localeconv.o)
                0x08008850                _localeconv_r
 .text.__retarget_lock_init_recursive
                0x08008858        0x4 c:/progra~2/gnuarm~1/102021~1.10/bin/../lib/gcc/arm-none-eabi/10.3.1/../../../../arm-none-eabi/lib/thumb/v7e-m+fp/hard\libg.a(lib_a-lock.o)
                0x08008858                __retarget_lock_init_recursive
 .text.__retarget_lock_close_recursive
                0x0800885c        0x4 c:/progra~2/gnuarm~1/102021~1.10/bin/../lib/gcc/arm-none-eabi/10.3.1/../../../../arm-none-eabi/lib/thumb/v7e-m+fp/hard\libg.a(lib_a-lock.o)
                0x0800885c                __retarget_lock_close_recursive
 .text.__retarget_lock_acquire_recursive
                0x08008860        0x4 c:/progra~2/gnuarm~1/102021~1.10/bin/../lib/gcc/arm-none-eabi/10.3.1/../../../../arm-none-eabi/lib/thumb/v7e-m+fp/hard\libg.a(lib_a-lock.o)
                0x08008860                __retarget_lock_acquire_recursive
 .text.__retarget_lock_release_recursive
                0x08008864        0x4 c:/progra~2/gnuarm~1/102021~1.10/bin/../lib/gcc/arm-none-eabi/10.3.1/../../../../arm-none-eabi/lib/thumb/v7e-m+fp/hard\libg.a(lib_a-lock.o)
                0x08008864                __retarget_lock_release_recursive
 .text.__smakebuf_r
                0x08008868       0xe0 c:/progra~2/gnuarm~1/102021~1.10/bin/../lib/gcc/arm-none-eabi/10.3.1/../../../../arm-none-eabi/lib/thumb/v7e-m+fp/hard\libg.a(lib_a-makebuf.o)
                0x08008868                __smakebuf_r
 .text.__swhatbuf_r
                0x08008948       0x60 c:/progra~2/gnuarm~1/102021~1.10/bin/../lib/gcc/arm-none-eabi/10.3.1/../../../../arm-none-eabi/lib/thumb/v7e-m+fp/hard\libg.a(lib_a-makebuf.o)
                0x08008948                __swhatbuf_r
 .text.malloc   0x080089a8       0x10 c:/progra~2/gnuarm~1/102021~1.10/bin/../lib/gcc/arm-none-eabi/10.3.1/../../../../arm-none-eabi/lib/thumb/v7e-m+fp/hard\libg.a(lib_a-malloc.o)
                0x080089a8                malloc
 .text._malloc_r
                0x080089b8      0x560 c:/progra~2/gnuarm~1/102021~1.10/bin/../lib/gcc/arm-none-eabi/10.3.1/../../../../arm-none-eabi/lib/thumb/v7e-m+fp/hard\libg.a(lib_a-mallocr.o)
                0x080089b8                _malloc_r
 .text.__malloc_lock
                0x08008f18        0xc c:/progra~2/gnuarm~1/102021~1.10/bin/../lib/gcc/arm-none-eabi/10.3.1/../../../../arm-none-eabi/lib/thumb/v7e-m+fp/hard\libg.a(lib_a-mlock.o)
                0x08008f18                __malloc_lock
 .text.__malloc_unlock
                0x08008f24        0xc c:/progra~2/gnuarm~1/102021~1.10/bin/../lib/gcc/arm-none-eabi/10.3.1/../../../../arm-none-eabi/lib/thumb/v7e-m+fp/hard\libg.a(lib_a-mlock.o)
                0x08008f24                __malloc_unlock
 .text._Balloc  0x08008f30       0x4c c:/progra~2/gnuarm~1/102021~1.10/bin/../lib/gcc/arm-none-eabi/10.3.1/../../../../arm-none-eabi/lib/thumb/v7e-m+fp/hard\libg.a(lib_a-mprec.o)
                0x08008f30                _Balloc
 .text._Bfree   0x08008f7c       0x14 c:/progra~2/gnuarm~1/102021~1.10/bin/../lib/gcc/arm-none-eabi/10.3.1/../../../../arm-none-eabi/lib/thumb/v7e-m+fp/hard\libg.a(lib_a-mprec.o)
                0x08008f7c                _Bfree
 .text.__multadd
                0x08008f90       0xa8 c:/progra~2/gnuarm~1/102021~1.10/bin/../lib/gcc/arm-none-eabi/10.3.1/../../../../arm-none-eabi/lib/thumb/v7e-m+fp/hard\libg.a(lib_a-mprec.o)
                0x08008f90                __multadd
 .text.__hi0bits
                0x08009038       0x40 c:/progra~2/gnuarm~1/102021~1.10/bin/../lib/gcc/arm-none-eabi/10.3.1/../../../../arm-none-eabi/lib/thumb/v7e-m+fp/hard\libg.a(lib_a-mprec.o)
                0x08009038                __hi0bits
 .text.__lo0bits
                0x08009078       0x60 c:/progra~2/gnuarm~1/102021~1.10/bin/../lib/gcc/arm-none-eabi/10.3.1/../../../../arm-none-eabi/lib/thumb/v7e-m+fp/hard\libg.a(lib_a-mprec.o)
                0x08009078                __lo0bits
 .text.__i2b    0x080090d8       0x5c c:/progra~2/gnuarm~1/102021~1.10/bin/../lib/gcc/arm-none-eabi/10.3.1/../../../../arm-none-eabi/lib/thumb/v7e-m+fp/hard\libg.a(lib_a-mprec.o)
                0x080090d8                __i2b
 .text.__multiply
                0x08009134      0x15c c:/progra~2/gnuarm~1/102021~1.10/bin/../lib/gcc/arm-none-eabi/10.3.1/../../../../arm-none-eabi/lib/thumb/v7e-m+fp/hard\libg.a(lib_a-mprec.o)
                0x08009134                __multiply
 .text.__pow5mult
                0x08009290       0xc0 c:/progra~2/gnuarm~1/102021~1.10/bin/../lib/gcc/arm-none-eabi/10.3.1/../../../../arm-none-eabi/lib/thumb/v7e-m+fp/hard\libg.a(lib_a-mprec.o)
                0x08009290                __pow5mult
 .text.__lshift
                0x08009350       0xf0 c:/progra~2/gnuarm~1/102021~1.10/bin/../lib/gcc/arm-none-eabi/10.3.1/../../../../arm-none-eabi/lib/thumb/v7e-m+fp/hard\libg.a(lib_a-mprec.o)
                0x08009350                __lshift
 .text.__mcmp   0x08009440       0x44 c:/progra~2/gnuarm~1/102021~1.10/bin/../lib/gcc/arm-none-eabi/10.3.1/../../../../arm-none-eabi/lib/thumb/v7e-m+fp/hard\libg.a(lib_a-mprec.o)
                0x08009440                __mcmp
 .text.__mdiff  0x08009484      0x14c c:/progra~2/gnuarm~1/102021~1.10/bin/../lib/gcc/arm-none-eabi/10.3.1/../../../../arm-none-eabi/lib/thumb/v7e-m+fp/hard\libg.a(lib_a-mprec.o)
                0x08009484                __mdiff
 .text.__d2b    0x080095d0       0xd0 c:/progra~2/gnuarm~1/102021~1.10/bin/../lib/gcc/arm-none-eabi/10.3.1/../../../../arm-none-eabi/lib/thumb/v7e-m+fp/hard\libg.a(lib_a-mprec.o)
                0x080095d0                __d2b
 .text.frexp    0x080096a0       0x6c c:/progra~2/gnuarm~1/102021~1.10/bin/../lib/gcc/arm-none-eabi/10.3.1/../../../../arm-none-eabi/lib/thumb/v7e-m+fp/hard\libg.a(lib_a-s_frexp.o)
                0x080096a0                frexp
 .text._sbrk_r  0x0800970c       0x24 c:/progra~2/gnuarm~1/102021~1.10/bin/../lib/gcc/arm-none-eabi/10.3.1/../../../../arm-none-eabi/lib/thumb/v7e-m+fp/hard\libg.a(lib_a-sbrkr.o)
                0x0800970c                _sbrk_r
 .text.__sread  0x08009730       0x24 c:/progra~2/gnuarm~1/102021~1.10/bin/../lib/gcc/arm-none-eabi/10.3.1/../../../../arm-none-eabi/lib/thumb/v7e-m+fp/hard\libg.a(lib_a-stdio.o)
                0x08009730                __sread
 .text.__swrite
                0x08009754       0x40 c:/progra~2/gnuarm~1/102021~1.10/bin/../lib/gcc/arm-none-eabi/10.3.1/../../../../arm-none-eabi/lib/thumb/v7e-m+fp/hard\libg.a(lib_a-stdio.o)
                0x08009754                __swrite
 .text.__sseek  0x08009794       0x20 c:/progra~2/gnuarm~1/102021~1.10/bin/../lib/gcc/arm-none-eabi/10.3.1/../../../../arm-none-eabi/lib/thumb/v7e-m+fp/hard\libg.a(lib_a-stdio.o)
                0x08009794                __sseek
 .text.__sclose
                0x080097b4        0x8 c:/progra~2/gnuarm~1/102021~1.10/bin/../lib/gcc/arm-none-eabi/10.3.1/../../../../arm-none-eabi/lib/thumb/v7e-m+fp/hard\libg.a(lib_a-stdio.o)
                0x080097b4                __sclose
 .text.strncpy  0x080097bc       0x64 c:/progra~2/gnuarm~1/102021~1.10/bin/../lib/gcc/arm-none-eabi/10.3.1/../../../../arm-none-eabi/lib/thumb/v7e-m+fp/hard\libg.a(lib_a-strncpy.o)
                0x080097bc                strncpy
 .text.__sprint_r.part.0
                0x08009820       0x78 c:/progra~2/gnuarm~1/102021~1.10/bin/../lib/gcc/arm-none-eabi/10.3.1/../../../../arm-none-eabi/lib/thumb/v7e-m+fp/hard\libg.a(lib_a-vfiprintf.o)
 .text.__sprint_r
                0x08009898       0x18 c:/progra~2/gnuarm~1/102021~1.10/bin/../lib/gcc/arm-none-eabi/10.3.1/../../../../arm-none-eabi/lib/thumb/v7e-m+fp/hard\libg.a(lib_a-vfiprintf.o)
                0x08009898                __sprint_r
 .text._vfiprintf_r
                0x080098b0      0xdfc c:/progra~2/gnuarm~1/102021~1.10/bin/../lib/gcc/arm-none-eabi/10.3.1/../../../../arm-none-eabi/lib/thumb/v7e-m+fp/hard\libg.a(lib_a-vfiprintf.o)
                0x080098b0                _vfiprintf_r
 .text.__sbprintf
                0x0800a6ac       0x80 c:/progra~2/gnuarm~1/102021~1.10/bin/../lib/gcc/arm-none-eabi/10.3.1/../../../../arm-none-eabi/lib/thumb/v7e-m+fp/hard\libg.a(lib_a-vfiprintf.o)
 .text._write_r
                0x0800a72c       0x2c c:/progra~2/gnuarm~1/102021~1.10/bin/../lib/gcc/arm-none-eabi/10.3.1/../../../../arm-none-eabi/lib/thumb/v7e-m+fp/hard\libg.a(lib_a-writer.o)
                0x0800a72c                _write_r
 .text.__register_exitproc
                0x0800a758       0x8c c:/progra~2/gnuarm~1/102021~1.10/bin/../lib/gcc/arm-none-eabi/10.3.1/../../../../arm-none-eabi/lib/thumb/v7e-m+fp/hard\libg.a(lib_a-__atexit.o)
                0x0800a758                __register_exitproc
 .text.__assert_func
                0x0800a7e4       0x40 c:/progra~2/gnuarm~1/102021~1.10/bin/../lib/gcc/arm-none-eabi/10.3.1/../../../../arm-none-eabi/lib/thumb/v7e-m+fp/hard\libg.a(lib_a-assert.o)
                0x0800a7e4                __assert_func
 .text._calloc_r
                0x0800a824       0x78 c:/progra~2/gnuarm~1/102021~1.10/bin/../lib/gcc/arm-none-eabi/10.3.1/../../../../arm-none-eabi/lib/thumb/v7e-m+fp/hard\libg.a(lib_a-callocr.o)
                0x0800a824                _calloc_r
 .text._close_r
                0x0800a89c       0x24 c:/progra~2/gnuarm~1/102021~1.10/bin/../lib/gcc/arm-none-eabi/10.3.1/../../../../arm-none-eabi/lib/thumb/v7e-m+fp/hard\libg.a(lib_a-closer.o)
                0x0800a89c                _close_r
 .text._fclose_r
                0x0800a8c0       0xcc c:/progra~2/gnuarm~1/102021~1.10/bin/../lib/gcc/arm-none-eabi/10.3.1/../../../../arm-none-eabi/lib/thumb/v7e-m+fp/hard\libg.a(lib_a-fclose.o)
                0x0800a8c0                _fclose_r
 .text.fiprintf
                0x0800a98c       0x28 c:/progra~2/gnuarm~1/102021~1.10/bin/../lib/gcc/arm-none-eabi/10.3.1/../../../../arm-none-eabi/lib/thumb/v7e-m+fp/hard\libg.a(lib_a-fiprintf.o)
                0x0800a98c                fiprintf
 .text.__fputwc
                0x0800a9b4       0xa8 c:/progra~2/gnuarm~1/102021~1.10/bin/../lib/gcc/arm-none-eabi/10.3.1/../../../../arm-none-eabi/lib/thumb/v7e-m+fp/hard\libg.a(lib_a-fputwc.o)
                0x0800a9b4                __fputwc
 .text._fputwc_r
                0x0800aa5c       0x68 c:/progra~2/gnuarm~1/102021~1.10/bin/../lib/gcc/arm-none-eabi/10.3.1/../../../../arm-none-eabi/lib/thumb/v7e-m+fp/hard\libg.a(lib_a-fputwc.o)
                0x0800aa5c                _fputwc_r
 .text._fstat_r
                0x0800aac4       0x2c c:/progra~2/gnuarm~1/102021~1.10/bin/../lib/gcc/arm-none-eabi/10.3.1/../../../../arm-none-eabi/lib/thumb/v7e-m+fp/hard\libg.a(lib_a-fstatr.o)
                0x0800aac4                _fstat_r
 .text.__sfvwrite_r
                0x0800aaf0      0x2f0 c:/progra~2/gnuarm~1/102021~1.10/bin/../lib/gcc/arm-none-eabi/10.3.1/../../../../arm-none-eabi/lib/thumb/v7e-m+fp/hard\libg.a(lib_a-fvwrite.o)
                0x0800aaf0                __sfvwrite_r
 .text._isatty_r
                0x0800ade0       0x24 c:/progra~2/gnuarm~1/102021~1.10/bin/../lib/gcc/arm-none-eabi/10.3.1/../../../../arm-none-eabi/lib/thumb/v7e-m+fp/hard\libg.a(lib_a-isattyr.o)
                0x0800ade0                _isatty_r
 .text.__locale_mb_cur_max
                0x0800ae04        0xc c:/progra~2/gnuarm~1/102021~1.10/bin/../lib/gcc/arm-none-eabi/10.3.1/../../../../arm-none-eabi/lib/thumb/v7e-m+fp/hard\libg.a(lib_a-locale.o)
                0x0800ae04                __locale_mb_cur_max
 .text._lseek_r
                0x0800ae10       0x2c c:/progra~2/gnuarm~1/102021~1.10/bin/../lib/gcc/arm-none-eabi/10.3.1/../../../../arm-none-eabi/lib/thumb/v7e-m+fp/hard\libg.a(lib_a-lseekr.o)
                0x0800ae10                _lseek_r
 .text.__ascii_mbtowc
                0x0800ae3c       0x2c c:/progra~2/gnuarm~1/102021~1.10/bin/../lib/gcc/arm-none-eabi/10.3.1/../../../../arm-none-eabi/lib/thumb/v7e-m+fp/hard\libg.a(lib_a-mbtowc_r.o)
                0x0800ae3c                __ascii_mbtowc
 .text.memmove  0x0800ae68       0xf8 c:/progra~2/gnuarm~1/102021~1.10/bin/../lib/gcc/arm-none-eabi/10.3.1/../../../../arm-none-eabi/lib/thumb/v7e-m+fp/hard\libg.a(lib_a-memmove.o)
                0x0800ae68                memmove
 .text._read_r  0x0800af60       0x2c c:/progra~2/gnuarm~1/102021~1.10/bin/../lib/gcc/arm-none-eabi/10.3.1/../../../../arm-none-eabi/lib/thumb/v7e-m+fp/hard\libg.a(lib_a-readr.o)
                0x0800af60                _read_r
 .text._realloc_r
                0x0800af8c      0x3d8 c:/progra~2/gnuarm~1/102021~1.10/bin/../lib/gcc/arm-none-eabi/10.3.1/../../../../arm-none-eabi/lib/thumb/v7e-m+fp/hard\libg.a(lib_a-reallocr.o)
                0x0800af8c                _realloc_r
 .text.__swbuf_r
                0x0800b364       0xb0 c:/progra~2/gnuarm~1/102021~1.10/bin/../lib/gcc/arm-none-eabi/10.3.1/../../../../arm-none-eabi/lib/thumb/v7e-m+fp/hard\libg.a(lib_a-wbuf.o)
                0x0800b364                __swbuf_r
 .text._wcrtomb_r
                0x0800b414       0x3c c:/progra~2/gnuarm~1/102021~1.10/bin/../lib/gcc/arm-none-eabi/10.3.1/../../../../arm-none-eabi/lib/thumb/v7e-m+fp/hard\libg.a(lib_a-wcrtomb.o)
                0x0800b414                _wcrtomb_r
 .text.__ascii_wctomb
                0x0800b450       0x1c c:/progra~2/gnuarm~1/102021~1.10/bin/../lib/gcc/arm-none-eabi/10.3.1/../../../../arm-none-eabi/lib/thumb/v7e-m+fp/hard\libg.a(lib_a-wctomb_r.o)
                0x0800b450                __ascii_wctomb
 .text.abort    0x0800b46c       0x10 c:/progra~2/gnuarm~1/102021~1.10/bin/../lib/gcc/arm-none-eabi/10.3.1/../../../../arm-none-eabi/lib/thumb/v7e-m+fp/hard\libg.a(lib_a-abort.o)
                0x0800b46c                abort
 .text.raise    0x0800b47c       0x5c c:/progra~2/gnuarm~1/102021~1.10/bin/../lib/gcc/arm-none-eabi/10.3.1/../../../../arm-none-eabi/lib/thumb/v7e-m+fp/hard\libg.a(lib_a-signal.o)
                0x0800b47c                raise
 .text._kill_r  0x0800b4d8       0x2c c:/progra~2/gnuarm~1/102021~1.10/bin/../lib/gcc/arm-none-eabi/10.3.1/../../../../arm-none-eabi/lib/thumb/v7e-m+fp/hard\libg.a(lib_a-signalr.o)
                0x0800b4d8                _kill_r
 .text._getpid_r
                0x0800b504        0x4 c:/progra~2/gnuarm~1/102021~1.10/bin/../lib/gcc/arm-none-eabi/10.3.1/../../../../arm-none-eabi/lib/thumb/v7e-m+fp/hard\libg.a(lib_a-signalr.o)
                0x0800b504                _getpid_r
 *(.glue_7)
 .glue_7        0x0800b508        0x0 linker stubs
 *(.glue_7t)
 .glue_7t       0x0800b508        0x0 linker stubs
 *(.eh_frame)
 .eh_frame      0x0800b508        0x0 c:/progra~2/gnuarm~1/102021~1.10/bin/../lib/gcc/arm-none-eabi/10.3.1/thumb/v7e-m+fp/hard/crtbegin.o
 *(.init)
 .init          0x0800b508        0x4 c:/progra~2/gnuarm~1/102021~1.10/bin/../lib/gcc/arm-none-eabi/10.3.1/thumb/v7e-m+fp/hard/crti.o
                0x0800b508                _init
 .init          0x0800b50c        0x8 c:/progra~2/gnuarm~1/102021~1.10/bin/../lib/gcc/arm-none-eabi/10.3.1/thumb/v7e-m+fp/hard/crtn.o
 *(.fini)
 .fini          0x0800b514        0x4 c:/progra~2/gnuarm~1/102021~1.10/bin/../lib/gcc/arm-none-eabi/10.3.1/thumb/v7e-m+fp/hard/crti.o
                0x0800b514                _fini
 .fini          0x0800b518        0x8 c:/progra~2/gnuarm~1/102021~1.10/bin/../lib/gcc/arm-none-eabi/10.3.1/thumb/v7e-m+fp/hard/crtn.o
                0x0800b520                . = ALIGN (0x4)
                0x0800b520                _etext = .

.vfp11_veneer   0x0800b520        0x0
 .vfp11_veneer  0x0800b520        0x0 linker stubs

.v4_bx          0x0800b520        0x0
 .v4_bx         0x0800b520        0x0 linker stubs

.iplt           0x0800b520        0x0
 .iplt          0x0800b520        0x0 c:/progra~2/gnuarm~1/102021~1.10/bin/../lib/gcc/arm-none-eabi/10.3.1/thumb/v7e-m+fp/hard/crtbegin.o

.rodata         0x0800b520      0x448
                0x0800b520                . = ALIGN (0x4)
 *(.rodata)
 *(.rodata*)
 .rodata.HAL_TIM_PeriodElapsedCallback.str1.4
                0x0800b520        0x7 CMakeFiles/shashutu_speed_test.elf.dir/Core/Src/main.c.obj
 *fill*         0x0800b527        0x1 
 .rodata.AHBPrescTable
                0x0800b528       0x10 CMakeFiles/shashutu_speed_test.elf.dir/Core/Src/system_stm32g4xx.c.obj
                0x0800b528                AHBPrescTable
 .rodata.APBPrescTable
                0x0800b538        0x8 CMakeFiles/shashutu_speed_test.elf.dir/Core/Src/system_stm32g4xx.c.obj
                0x0800b538                APBPrescTable
 .rodata.UARTPrescTable
                0x0800b540       0x18 CMakeFiles/shashutu_speed_test.elf.dir/Drivers/STM32G4xx_HAL_Driver/Src/stm32g4xx_hal_uart.c.obj
                0x0800b540                UARTPrescTable
 .rodata.denominator.0
                0x0800b558        0x8 CMakeFiles/shashutu_speed_test.elf.dir/Drivers/STM32G4xx_HAL_Driver/Src/stm32g4xx_hal_uart_ex.c.obj
 .rodata.numerator.1
                0x0800b560        0x8 CMakeFiles/shashutu_speed_test.elf.dir/Drivers/STM32G4xx_HAL_Driver/Src/stm32g4xx_hal_uart_ex.c.obj
 .rodata._global_impure_ptr
                0x0800b568        0x4 c:/progra~2/gnuarm~1/102021~1.10/bin/../lib/gcc/arm-none-eabi/10.3.1/../../../../arm-none-eabi/lib/thumb/v7e-m+fp/hard\libg.a(lib_a-impure.o)
                0x0800b568                _global_impure_ptr
 .rodata._vfprintf_r.str1.4
                0x0800b56c       0x42 c:/progra~2/gnuarm~1/102021~1.10/bin/../lib/gcc/arm-none-eabi/10.3.1/../../../../arm-none-eabi/lib/thumb/v7e-m+fp/hard\libg.a(lib_a-vfprintf.o)
 *fill*         0x0800b5ae        0x2 
 .rodata.blanks.1
                0x0800b5b0       0x10 c:/progra~2/gnuarm~1/102021~1.10/bin/../lib/gcc/arm-none-eabi/10.3.1/../../../../arm-none-eabi/lib/thumb/v7e-m+fp/hard\libg.a(lib_a-vfprintf.o)
 .rodata.zeroes.0
                0x0800b5c0       0x10 c:/progra~2/gnuarm~1/102021~1.10/bin/../lib/gcc/arm-none-eabi/10.3.1/../../../../arm-none-eabi/lib/thumb/v7e-m+fp/hard\libg.a(lib_a-vfprintf.o)
 .rodata._dtoa_r.str1.4
                0x0800b5d0       0xa2 c:/progra~2/gnuarm~1/102021~1.10/bin/../lib/gcc/arm-none-eabi/10.3.1/../../../../arm-none-eabi/lib/thumb/v7e-m+fp/hard\libg.a(lib_a-dtoa.o)
                                 0xa6 (size before relaxing)
 *fill*         0x0800b672        0x2 
 .rodata.__multadd.str1.4
                0x0800b674       0x7f c:/progra~2/gnuarm~1/102021~1.10/bin/../lib/gcc/arm-none-eabi/10.3.1/../../../../arm-none-eabi/lib/thumb/v7e-m+fp/hard\libg.a(lib_a-mprec.o)
                                 0x93 (size before relaxing)
 *fill*         0x0800b6f3        0x5 
 .rodata.__mprec_bigtens
                0x0800b6f8       0x28 c:/progra~2/gnuarm~1/102021~1.10/bin/../lib/gcc/arm-none-eabi/10.3.1/../../../../arm-none-eabi/lib/thumb/v7e-m+fp/hard\libg.a(lib_a-mprec.o)
                0x0800b6f8                __mprec_bigtens
 .rodata.__mprec_tens
                0x0800b720       0xc8 c:/progra~2/gnuarm~1/102021~1.10/bin/../lib/gcc/arm-none-eabi/10.3.1/../../../../arm-none-eabi/lib/thumb/v7e-m+fp/hard\libg.a(lib_a-mprec.o)
                0x0800b720                __mprec_tens
 .rodata.p05.0  0x0800b7e8        0xc c:/progra~2/gnuarm~1/102021~1.10/bin/../lib/gcc/arm-none-eabi/10.3.1/../../../../arm-none-eabi/lib/thumb/v7e-m+fp/hard\libg.a(lib_a-mprec.o)
 .rodata._vfiprintf_r.str1.4
                0x0800b7f4       0x2f c:/progra~2/gnuarm~1/102021~1.10/bin/../lib/gcc/arm-none-eabi/10.3.1/../../../../arm-none-eabi/lib/thumb/v7e-m+fp/hard\libg.a(lib_a-vfiprintf.o)
 .rodata.blanks.1
                0x0800b7f4       0x10 c:/progra~2/gnuarm~1/102021~1.10/bin/../lib/gcc/arm-none-eabi/10.3.1/../../../../arm-none-eabi/lib/thumb/v7e-m+fp/hard\libg.a(lib_a-vfiprintf.o)
 .rodata.zeroes.0
                0x0800b804       0x10 c:/progra~2/gnuarm~1/102021~1.10/bin/../lib/gcc/arm-none-eabi/10.3.1/../../../../arm-none-eabi/lib/thumb/v7e-m+fp/hard\libg.a(lib_a-vfiprintf.o)
 .rodata.__assert_func.str1.4
                0x0800b814       0x3f c:/progra~2/gnuarm~1/102021~1.10/bin/../lib/gcc/arm-none-eabi/10.3.1/../../../../arm-none-eabi/lib/thumb/v7e-m+fp/hard\libg.a(lib_a-assert.o)
                                 0x43 (size before relaxing)
 *fill*         0x0800b853        0x1 
 .rodata._setlocale_r.str1.4
                0x0800b854        0xa c:/progra~2/gnuarm~1/102021~1.10/bin/../lib/gcc/arm-none-eabi/10.3.1/../../../../arm-none-eabi/lib/thumb/v7e-m+fp/hard\libg.a(lib_a-locale.o)
                                  0xd (size before relaxing)
 *fill*         0x0800b85e        0x2 
 .rodata.str1.4
                0x0800b860        0x2 c:/progra~2/gnuarm~1/102021~1.10/bin/../lib/gcc/arm-none-eabi/10.3.1/../../../../arm-none-eabi/lib/thumb/v7e-m+fp/hard\libg.a(lib_a-locale.o)
 *fill*         0x0800b862        0x2 
 .rodata._ctype_
                0x0800b864      0x101 c:/progra~2/gnuarm~1/102021~1.10/bin/../lib/gcc/arm-none-eabi/10.3.1/../../../../arm-none-eabi/lib/thumb/v7e-m+fp/hard\libg.a(lib_a-ctype_.o)
                0x0800b864                _ctype_
                0x0800b968                . = ALIGN (0x4)
 *fill*         0x0800b965        0x3 

.ARM.extab      0x0800b968        0x0
                0x0800b968                . = ALIGN (0x4)
 *(.ARM.extab* .gnu.linkonce.armextab.*)
                0x0800b968                . = ALIGN (0x4)

.ARM            0x0800b968        0x8
                0x0800b968                . = ALIGN (0x4)
                0x0800b968                __exidx_start = .
 *(.ARM.exidx*)
 .ARM.exidx     0x0800b968        0x8 c:/progra~2/gnuarm~1/102021~1.10/bin/../lib/gcc/arm-none-eabi/10.3.1/thumb/v7e-m+fp/hard\libgcc.a(_udivmoddi4.o)
                0x0800b970                __exidx_end = .
                0x0800b970                . = ALIGN (0x4)

.rel.dyn        0x0800b970        0x0
 .rel.iplt      0x0800b970        0x0 c:/progra~2/gnuarm~1/102021~1.10/bin/../lib/gcc/arm-none-eabi/10.3.1/thumb/v7e-m+fp/hard/crtbegin.o

.preinit_array  0x0800b970        0x0
                0x0800b970                . = ALIGN (0x4)
                0x0800b970                PROVIDE (__preinit_array_start = .)
 *(.preinit_array*)
                0x0800b970                PROVIDE (__preinit_array_end = .)
                0x0800b970                . = ALIGN (0x4)

.init_array     0x0800b970        0x8
                0x0800b970                . = ALIGN (0x4)
                0x0800b970                PROVIDE (__init_array_start = .)
 *(SORT_BY_NAME(.init_array.*))
 .init_array.00000
                0x0800b970        0x4 c:/progra~2/gnuarm~1/102021~1.10/bin/../lib/gcc/arm-none-eabi/10.3.1/../../../../arm-none-eabi/lib/thumb/v7e-m+fp/hard\libg.a(lib_a-__call_atexit.o)
 *(.init_array*)
 .init_array    0x0800b974        0x4 c:/progra~2/gnuarm~1/102021~1.10/bin/../lib/gcc/arm-none-eabi/10.3.1/thumb/v7e-m+fp/hard/crtbegin.o
                0x0800b978                PROVIDE (__init_array_end = .)
                0x0800b978                . = ALIGN (0x4)

.fini_array     0x0800b978        0x4
                0x0800b978                . = ALIGN (0x4)
                0x0800b978                PROVIDE (__fini_array_start = .)
 *(SORT_BY_NAME(.fini_array.*))
 *(.fini_array*)
 .fini_array    0x0800b978        0x4 c:/progra~2/gnuarm~1/102021~1.10/bin/../lib/gcc/arm-none-eabi/10.3.1/thumb/v7e-m+fp/hard/crtbegin.o
                0x0800b97c                PROVIDE (__fini_array_end = .)
                0x0800b97c                . = ALIGN (0x4)
                0x0800b97c                _sidata = LOADADDR (.data)

.data           0x20000000      0x9c0 load address 0x0800b97c
                0x20000000                . = ALIGN (0x4)
                0x20000000                _sdata = .
 *(.data)
 *(.data*)
 .data.target_speed
                0x20000000        0x4 CMakeFiles/shashutu_speed_test.elf.dir/Core/Src/main.c.obj
                0x20000000                target_speed
 .data.SystemCoreClock
                0x20000004        0x4 CMakeFiles/shashutu_speed_test.elf.dir/Core/Src/system_stm32g4xx.c.obj
                0x20000004                SystemCoreClock
 .data.uwTickFreq
                0x20000008        0x4 CMakeFiles/shashutu_speed_test.elf.dir/Drivers/STM32G4xx_HAL_Driver/Src/stm32g4xx_hal.c.obj
                0x20000008                uwTickFreq
 .data.uwTickPrio
                0x2000000c        0x4 CMakeFiles/shashutu_speed_test.elf.dir/Drivers/STM32G4xx_HAL_Driver/Src/stm32g4xx_hal.c.obj
                0x2000000c                uwTickPrio
 .data._impure_ptr
                0x20000010        0x4 c:/progra~2/gnuarm~1/102021~1.10/bin/../lib/gcc/arm-none-eabi/10.3.1/../../../../arm-none-eabi/lib/thumb/v7e-m+fp/hard\libg.a(lib_a-impure.o)
                0x20000010                _impure_ptr
 *fill*         0x20000014        0x4 
 .data.impure_data
                0x20000018      0x428 c:/progra~2/gnuarm~1/102021~1.10/bin/../lib/gcc/arm-none-eabi/10.3.1/../../../../arm-none-eabi/lib/thumb/v7e-m+fp/hard\libg.a(lib_a-impure.o)
 .data.__atexit_recursive_mutex
                0x20000440        0x4 c:/progra~2/gnuarm~1/102021~1.10/bin/../lib/gcc/arm-none-eabi/10.3.1/../../../../arm-none-eabi/lib/thumb/v7e-m+fp/hard\libg.a(lib_a-__call_atexit.o)
                0x20000440                __atexit_recursive_mutex
 .data.__malloc_av_
                0x20000444      0x408 c:/progra~2/gnuarm~1/102021~1.10/bin/../lib/gcc/arm-none-eabi/10.3.1/../../../../arm-none-eabi/lib/thumb/v7e-m+fp/hard\libg.a(lib_a-mallocr.o)
                0x20000444                __malloc_av_
 .data.__malloc_sbrk_base
                0x2000084c        0x4 c:/progra~2/gnuarm~1/102021~1.10/bin/../lib/gcc/arm-none-eabi/10.3.1/../../../../arm-none-eabi/lib/thumb/v7e-m+fp/hard\libg.a(lib_a-mallocr.o)
                0x2000084c                __malloc_sbrk_base
 .data.__malloc_trim_threshold
                0x20000850        0x4 c:/progra~2/gnuarm~1/102021~1.10/bin/../lib/gcc/arm-none-eabi/10.3.1/../../../../arm-none-eabi/lib/thumb/v7e-m+fp/hard\libg.a(lib_a-mallocr.o)
                0x20000850                __malloc_trim_threshold
 .data.__global_locale
                0x20000854      0x16c c:/progra~2/gnuarm~1/102021~1.10/bin/../lib/gcc/arm-none-eabi/10.3.1/../../../../arm-none-eabi/lib/thumb/v7e-m+fp/hard\libg.a(lib_a-locale.o)
                0x20000854                __global_locale
 *(.RamFunc)
 *(.RamFunc*)
                0x200009c0                . = ALIGN (0x4)
                0x200009c0                _edata = .

.igot.plt       0x200009c0        0x0 load address 0x0800c33c
 .igot.plt      0x200009c0        0x0 c:/progra~2/gnuarm~1/102021~1.10/bin/../lib/gcc/arm-none-eabi/10.3.1/thumb/v7e-m+fp/hard/crtbegin.o
                0x200009c0                . = ALIGN (0x4)

.bss            0x200009c0      0x358 load address 0x0800c33c
                0x200009c0                _sbss = .
                0x200009c0                __bss_start__ = _sbss
 *(.bss)
 .bss           0x200009c0       0x1c c:/progra~2/gnuarm~1/102021~1.10/bin/../lib/gcc/arm-none-eabi/10.3.1/thumb/v7e-m+fp/hard/crtbegin.o
 *(.bss*)
 .bss.e_for_i   0x200009dc        0x4 CMakeFiles/shashutu_speed_test.elf.dir/Core/Src/PID_anti_windup.c.obj
                0x200009dc                e_for_i
 .bss.e_for_i_pre
                0x200009e0        0x4 CMakeFiles/shashutu_speed_test.elf.dir/Core/Src/PID_anti_windup.c.obj
                0x200009e0                e_for_i_pre
 .bss.pid_aw_e  0x200009e4        0x4 CMakeFiles/shashutu_speed_test.elf.dir/Core/Src/PID_anti_windup.c.obj
                0x200009e4                pid_aw_e
 .bss.pid_aw_e_diff
                0x200009e8        0x4 CMakeFiles/shashutu_speed_test.elf.dir/Core/Src/PID_anti_windup.c.obj
                0x200009e8                pid_aw_e_diff
 .bss.pid_aw_e_pre
                0x200009ec        0x4 CMakeFiles/shashutu_speed_test.elf.dir/Core/Src/PID_anti_windup.c.obj
                0x200009ec                pid_aw_e_pre
 .bss.pid_aw_e_pre_pre
                0x200009f0        0x4 CMakeFiles/shashutu_speed_test.elf.dir/Core/Src/PID_anti_windup.c.obj
                0x200009f0                pid_aw_e_pre_pre
 .bss.pid_aw_e_sum
                0x200009f4        0x4 CMakeFiles/shashutu_speed_test.elf.dir/Core/Src/PID_anti_windup.c.obj
                0x200009f4                pid_aw_e_sum
 .bss.pid_aw_result
                0x200009f8        0x4 CMakeFiles/shashutu_speed_test.elf.dir/Core/Src/PID_anti_windup.c.obj
                0x200009f8                pid_aw_result
 .bss.result_pre
                0x200009fc        0x4 CMakeFiles/shashutu_speed_test.elf.dir/Core/Src/PID_anti_windup.c.obj
                0x200009fc                result_pre
 .bss.e_for_i_pos
                0x20000a00        0x4 CMakeFiles/shashutu_speed_test.elf.dir/Core/Src/PID_anti_windup_pos.c.obj
                0x20000a00                e_for_i_pos
 .bss.e_for_i_pre_pos
                0x20000a04        0x4 CMakeFiles/shashutu_speed_test.elf.dir/Core/Src/PID_anti_windup_pos.c.obj
                0x20000a04                e_for_i_pre_pos
 .bss.pid_aw_e_diff_pos
                0x20000a08        0x4 CMakeFiles/shashutu_speed_test.elf.dir/Core/Src/PID_anti_windup_pos.c.obj
                0x20000a08                pid_aw_e_diff_pos
 .bss.pid_aw_e_pos
                0x20000a0c        0x4 CMakeFiles/shashutu_speed_test.elf.dir/Core/Src/PID_anti_windup_pos.c.obj
                0x20000a0c                pid_aw_e_pos
 .bss.pid_aw_e_pre_pos
                0x20000a10        0x4 CMakeFiles/shashutu_speed_test.elf.dir/Core/Src/PID_anti_windup_pos.c.obj
                0x20000a10                pid_aw_e_pre_pos
 .bss.pid_aw_e_pre_pre_pos
                0x20000a14        0x4 CMakeFiles/shashutu_speed_test.elf.dir/Core/Src/PID_anti_windup_pos.c.obj
                0x20000a14                pid_aw_e_pre_pre_pos
 .bss.pid_aw_e_sum_pos
                0x20000a18        0x4 CMakeFiles/shashutu_speed_test.elf.dir/Core/Src/PID_anti_windup_pos.c.obj
                0x20000a18                pid_aw_e_sum_pos
 .bss.pid_aw_result_pos
                0x20000a1c        0x4 CMakeFiles/shashutu_speed_test.elf.dir/Core/Src/PID_anti_windup_pos.c.obj
                0x20000a1c                pid_aw_result_pos
 .bss.result_pre_pos
                0x20000a20        0x4 CMakeFiles/shashutu_speed_test.elf.dir/Core/Src/PID_anti_windup_pos.c.obj
                0x20000a20                result_pre_pos
 .bss.ADC_VAL   0x20000a24        0x2 CMakeFiles/shashutu_speed_test.elf.dir/Core/Src/main.c.obj
                0x20000a24                ADC_VAL
 *fill*         0x20000a26        0x2 
 .bss.curr_speed_filtered
                0x20000a28        0x4 CMakeFiles/shashutu_speed_test.elf.dir/Core/Src/main.c.obj
                0x20000a28                curr_speed_filtered
 .bss.duty      0x20000a2c        0x4 CMakeFiles/shashutu_speed_test.elf.dir/Core/Src/main.c.obj
                0x20000a2c                duty
 .bss.hadc1     0x20000a30       0x6c CMakeFiles/shashutu_speed_test.elf.dir/Core/Src/main.c.obj
                0x20000a30                hadc1
 .bss.hdma_adc1
                0x20000a9c       0x60 CMakeFiles/shashutu_speed_test.elf.dir/Core/Src/main.c.obj
                0x20000a9c                hdma_adc1
 .bss.htim1     0x20000afc       0x4c CMakeFiles/shashutu_speed_test.elf.dir/Core/Src/main.c.obj
                0x20000afc                htim1
 .bss.htim2     0x20000b48       0x4c CMakeFiles/shashutu_speed_test.elf.dir/Core/Src/main.c.obj
                0x20000b48                htim2
 .bss.htim4     0x20000b94       0x4c CMakeFiles/shashutu_speed_test.elf.dir/Core/Src/main.c.obj
                0x20000b94                htim4
 .bss.huart2    0x20000be0       0x90 CMakeFiles/shashutu_speed_test.elf.dir/Core/Src/main.c.obj
                0x20000be0                huart2
 .bss.pos_filtered
                0x20000c70        0x4 CMakeFiles/shashutu_speed_test.elf.dir/Core/Src/main.c.obj
                0x20000c70                pos_filtered
 .bss.pre_pos   0x20000c74        0x4 CMakeFiles/shashutu_speed_test.elf.dir/Core/Src/main.c.obj
                0x20000c74                pre_pos
 .bss.timer     0x20000c78        0x4 CMakeFiles/shashutu_speed_test.elf.dir/Core/Src/main.c.obj
                0x20000c78                timer
 .bss.htim15    0x20000c7c       0x4c CMakeFiles/shashutu_speed_test.elf.dir/Core/Src/stm32g4xx_hal_timebase_tim.c.obj
                0x20000c7c                htim15
 .bss.__sbrk_heap_end
                0x20000cc8        0x4 CMakeFiles/shashutu_speed_test.elf.dir/Core/Src/sysmem.c.obj
 .bss.uwTick    0x20000ccc        0x4 CMakeFiles/shashutu_speed_test.elf.dir/Drivers/STM32G4xx_HAL_Driver/Src/stm32g4xx_hal.c.obj
                0x20000ccc                uwTick
 .bss.__lock___atexit_recursive_mutex
                0x20000cd0        0x1 c:/progra~2/gnuarm~1/102021~1.10/bin/../lib/gcc/arm-none-eabi/10.3.1/../../../../arm-none-eabi/lib/thumb/v7e-m+fp/hard\libg.a(lib_a-lock.o)
                0x20000cd0                __lock___atexit_recursive_mutex
 *fill*         0x20000cd1        0x3 
 .bss.__lock___malloc_recursive_mutex
                0x20000cd4        0x1 c:/progra~2/gnuarm~1/102021~1.10/bin/../lib/gcc/arm-none-eabi/10.3.1/../../../../arm-none-eabi/lib/thumb/v7e-m+fp/hard\libg.a(lib_a-lock.o)
                0x20000cd4                __lock___malloc_recursive_mutex
 *fill*         0x20000cd5        0x3 
 .bss.__lock___sfp_recursive_mutex
                0x20000cd8        0x1 c:/progra~2/gnuarm~1/102021~1.10/bin/../lib/gcc/arm-none-eabi/10.3.1/../../../../arm-none-eabi/lib/thumb/v7e-m+fp/hard\libg.a(lib_a-lock.o)
                0x20000cd8                __lock___sfp_recursive_mutex
 *fill*         0x20000cd9        0x3 
 .bss.__lock___sinit_recursive_mutex
                0x20000cdc        0x1 c:/progra~2/gnuarm~1/102021~1.10/bin/../lib/gcc/arm-none-eabi/10.3.1/../../../../arm-none-eabi/lib/thumb/v7e-m+fp/hard\libg.a(lib_a-lock.o)
                0x20000cdc                __lock___sinit_recursive_mutex
 *fill*         0x20000cdd        0x3 
 .bss.__malloc_current_mallinfo
                0x20000ce0       0x28 c:/progra~2/gnuarm~1/102021~1.10/bin/../lib/gcc/arm-none-eabi/10.3.1/../../../../arm-none-eabi/lib/thumb/v7e-m+fp/hard\libg.a(lib_a-mallocr.o)
                0x20000ce0                __malloc_current_mallinfo
 .bss.__malloc_max_sbrked_mem
                0x20000d08        0x4 c:/progra~2/gnuarm~1/102021~1.10/bin/../lib/gcc/arm-none-eabi/10.3.1/../../../../arm-none-eabi/lib/thumb/v7e-m+fp/hard\libg.a(lib_a-mallocr.o)
                0x20000d08                __malloc_max_sbrked_mem
 .bss.__malloc_max_total_mem
                0x20000d0c        0x4 c:/progra~2/gnuarm~1/102021~1.10/bin/../lib/gcc/arm-none-eabi/10.3.1/../../../../arm-none-eabi/lib/thumb/v7e-m+fp/hard\libg.a(lib_a-mallocr.o)
                0x20000d0c                __malloc_max_total_mem
 .bss.__malloc_top_pad
                0x20000d10        0x4 c:/progra~2/gnuarm~1/102021~1.10/bin/../lib/gcc/arm-none-eabi/10.3.1/../../../../arm-none-eabi/lib/thumb/v7e-m+fp/hard\libg.a(lib_a-mallocr.o)
                0x20000d10                __malloc_top_pad
 .bss.errno     0x20000d14        0x4 c:/progra~2/gnuarm~1/102021~1.10/bin/../lib/gcc/arm-none-eabi/10.3.1/../../../../arm-none-eabi/lib/thumb/v7e-m+fp/hard\libg.a(lib_a-reent.o)
                0x20000d14                errno
 *(COMMON)
                0x20000d18                . = ALIGN (0x4)
                0x20000d18                _ebss = .
                0x20000d18                __bss_end__ = _ebss

._user_heap_stack
                0x20000d18      0x600 load address 0x0800c33c
                0x20000d18                . = ALIGN (0x8)
                [!provide]                PROVIDE (end = .)
                0x20000d18                PROVIDE (_end = .)
                0x20000f18                . = (. + _Min_Heap_Size)
 *fill*         0x20000d18      0x200 
                0x20001318                . = (. + _Min_Stack_Size)
 *fill*         0x20000f18      0x400 
                0x20001318                . = ALIGN (0x8)

/DISCARD/
 libc.a(*)
 libm.a(*)
 libgcc.a(*)

.ARM.attributes
                0x00000000       0x30
 *(.ARM.attributes)
 .ARM.attributes
                0x00000000       0x1e c:/progra~2/gnuarm~1/102021~1.10/bin/../lib/gcc/arm-none-eabi/10.3.1/thumb/v7e-m+fp/hard/crti.o
 .ARM.attributes
                0x0000001e       0x34 c:/progra~2/gnuarm~1/102021~1.10/bin/../lib/gcc/arm-none-eabi/10.3.1/thumb/v7e-m+fp/hard/crtbegin.o
 .ARM.attributes
                0x00000052       0x34 CMakeFiles/shashutu_speed_test.elf.dir/Core/Src/PID_anti_windup.c.obj
 .ARM.attributes
                0x00000086       0x34 CMakeFiles/shashutu_speed_test.elf.dir/Core/Src/PID_anti_windup_pos.c.obj
 .ARM.attributes
                0x000000ba       0x34 CMakeFiles/shashutu_speed_test.elf.dir/Core/Src/main.c.obj
 .ARM.attributes
                0x000000ee       0x34 CMakeFiles/shashutu_speed_test.elf.dir/Core/Src/stm32g4xx_hal_msp.c.obj
 .ARM.attributes
                0x00000122       0x34 CMakeFiles/shashutu_speed_test.elf.dir/Core/Src/stm32g4xx_hal_timebase_tim.c.obj
 .ARM.attributes
                0x00000156       0x34 CMakeFiles/shashutu_speed_test.elf.dir/Core/Src/stm32g4xx_it.c.obj
 .ARM.attributes
                0x0000018a       0x34 CMakeFiles/shashutu_speed_test.elf.dir/Core/Src/syscalls.c.obj
 .ARM.attributes
                0x000001be       0x34 CMakeFiles/shashutu_speed_test.elf.dir/Core/Src/sysmem.c.obj
 .ARM.attributes
                0x000001f2       0x34 CMakeFiles/shashutu_speed_test.elf.dir/Core/Src/system_stm32g4xx.c.obj
 .ARM.attributes
                0x00000226       0x21 CMakeFiles/shashutu_speed_test.elf.dir/Core/Startup/startup_stm32g431kbtx.s.obj
 .ARM.attributes
                0x00000247       0x34 CMakeFiles/shashutu_speed_test.elf.dir/Drivers/STM32G4xx_HAL_Driver/Src/stm32g4xx_hal.c.obj
 .ARM.attributes
                0x0000027b       0x34 CMakeFiles/shashutu_speed_test.elf.dir/Drivers/STM32G4xx_HAL_Driver/Src/stm32g4xx_hal_adc.c.obj
 .ARM.attributes
                0x000002af       0x34 CMakeFiles/shashutu_speed_test.elf.dir/Drivers/STM32G4xx_HAL_Driver/Src/stm32g4xx_hal_adc_ex.c.obj
 .ARM.attributes
                0x000002e3       0x34 CMakeFiles/shashutu_speed_test.elf.dir/Drivers/STM32G4xx_HAL_Driver/Src/stm32g4xx_hal_cortex.c.obj
 .ARM.attributes
                0x00000317       0x34 CMakeFiles/shashutu_speed_test.elf.dir/Drivers/STM32G4xx_HAL_Driver/Src/stm32g4xx_hal_dma.c.obj
 .ARM.attributes
                0x0000034b       0x34 CMakeFiles/shashutu_speed_test.elf.dir/Drivers/STM32G4xx_HAL_Driver/Src/stm32g4xx_hal_gpio.c.obj
 .ARM.attributes
                0x0000037f       0x34 CMakeFiles/shashutu_speed_test.elf.dir/Drivers/STM32G4xx_HAL_Driver/Src/stm32g4xx_hal_pwr_ex.c.obj
 .ARM.attributes
                0x000003b3       0x34 CMakeFiles/shashutu_speed_test.elf.dir/Drivers/STM32G4xx_HAL_Driver/Src/stm32g4xx_hal_rcc.c.obj
 .ARM.attributes
                0x000003e7       0x34 CMakeFiles/shashutu_speed_test.elf.dir/Drivers/STM32G4xx_HAL_Driver/Src/stm32g4xx_hal_rcc_ex.c.obj
 .ARM.attributes
                0x0000041b       0x34 CMakeFiles/shashutu_speed_test.elf.dir/Drivers/STM32G4xx_HAL_Driver/Src/stm32g4xx_hal_tim.c.obj
 .ARM.attributes
                0x0000044f       0x34 CMakeFiles/shashutu_speed_test.elf.dir/Drivers/STM32G4xx_HAL_Driver/Src/stm32g4xx_hal_tim_ex.c.obj
 .ARM.attributes
                0x00000483       0x34 CMakeFiles/shashutu_speed_test.elf.dir/Drivers/STM32G4xx_HAL_Driver/Src/stm32g4xx_hal_uart.c.obj
 .ARM.attributes
                0x000004b7       0x34 CMakeFiles/shashutu_speed_test.elf.dir/Drivers/STM32G4xx_HAL_Driver/Src/stm32g4xx_hal_uart_ex.c.obj
 .ARM.attributes
                0x000004eb       0x1e c:/progra~2/gnuarm~1/102021~1.10/bin/../lib/gcc/arm-none-eabi/10.3.1/thumb/v7e-m+fp/hard\libgcc.a(_arm_addsubdf3.o)
 .ARM.attributes
                0x00000509       0x1e c:/progra~2/gnuarm~1/102021~1.10/bin/../lib/gcc/arm-none-eabi/10.3.1/thumb/v7e-m+fp/hard\libgcc.a(_arm_muldivdf3.o)
 .ARM.attributes
                0x00000527       0x1e c:/progra~2/gnuarm~1/102021~1.10/bin/../lib/gcc/arm-none-eabi/10.3.1/thumb/v7e-m+fp/hard\libgcc.a(_arm_truncdfsf2.o)
 .ARM.attributes
                0x00000545       0x1e c:/progra~2/gnuarm~1/102021~1.10/bin/../lib/gcc/arm-none-eabi/10.3.1/thumb/v7e-m+fp/hard\libgcc.a(_aeabi_uldivmod.o)
 .ARM.attributes
                0x00000563       0x34 c:/progra~2/gnuarm~1/102021~1.10/bin/../lib/gcc/arm-none-eabi/10.3.1/thumb/v7e-m+fp/hard\libgcc.a(_udivmoddi4.o)
 .ARM.attributes
                0x00000597       0x1e c:/progra~2/gnuarm~1/102021~1.10/bin/../lib/gcc/arm-none-eabi/10.3.1/thumb/v7e-m+fp/hard\libgcc.a(_dvmd_tls.o)
 .ARM.attributes
                0x000005b5       0x34 c:/progra~2/gnuarm~1/102021~1.10/bin/../lib/gcc/arm-none-eabi/10.3.1/../../../../arm-none-eabi/lib/thumb/v7e-m+fp/hard\libg.a(lib_a-errno.o)
 .ARM.attributes
                0x000005e9       0x34 c:/progra~2/gnuarm~1/102021~1.10/bin/../lib/gcc/arm-none-eabi/10.3.1/../../../../arm-none-eabi/lib/thumb/v7e-m+fp/hard\libg.a(lib_a-impure.o)
 .ARM.attributes
                0x0000061d       0x34 c:/progra~2/gnuarm~1/102021~1.10/bin/../lib/gcc/arm-none-eabi/10.3.1/../../../../arm-none-eabi/lib/thumb/v7e-m+fp/hard\libg.a(lib_a-init.o)
 .ARM.attributes
                0x00000651       0x34 c:/progra~2/gnuarm~1/102021~1.10/bin/../lib/gcc/arm-none-eabi/10.3.1/../../../../arm-none-eabi/lib/thumb/v7e-m+fp/hard\libg.a(lib_a-memset.o)
 .ARM.attributes
                0x00000685       0x34 c:/progra~2/gnuarm~1/102021~1.10/bin/../lib/gcc/arm-none-eabi/10.3.1/../../../../arm-none-eabi/lib/thumb/v7e-m+fp/hard\libg.a(lib_a-printf.o)
 .ARM.attributes
                0x000006b9       0x34 c:/progra~2/gnuarm~1/102021~1.10/bin/../lib/gcc/arm-none-eabi/10.3.1/../../../../arm-none-eabi/lib/thumb/v7e-m+fp/hard\libg.a(lib_a-setbuf.o)
 .ARM.attributes
                0x000006ed       0x34 c:/progra~2/gnuarm~1/102021~1.10/bin/../lib/gcc/arm-none-eabi/10.3.1/../../../../arm-none-eabi/lib/thumb/v7e-m+fp/hard\libg.a(lib_a-setvbuf.o)
 .ARM.attributes
                0x00000721       0x34 c:/progra~2/gnuarm~1/102021~1.10/bin/../lib/gcc/arm-none-eabi/10.3.1/../../../../arm-none-eabi/lib/thumb/v7e-m+fp/hard\libg.a(lib_a-vfprintf.o)
 .ARM.attributes
                0x00000755       0x34 c:/progra~2/gnuarm~1/102021~1.10/bin/../lib/gcc/arm-none-eabi/10.3.1/../../../../arm-none-eabi/lib/thumb/v7e-m+fp/hard\libg.a(lib_a-wsetup.o)
 .ARM.attributes
                0x00000789       0x34 c:/progra~2/gnuarm~1/102021~1.10/bin/../lib/gcc/arm-none-eabi/10.3.1/../../../../arm-none-eabi/lib/thumb/v7e-m+fp/hard\libg.a(lib_a-__call_atexit.o)
 .ARM.attributes
                0x000007bd       0x34 c:/progra~2/gnuarm~1/102021~1.10/bin/../lib/gcc/arm-none-eabi/10.3.1/../../../../arm-none-eabi/lib/thumb/v7e-m+fp/hard\libg.a(lib_a-atexit.o)
 .ARM.attributes
                0x000007f1       0x34 c:/progra~2/gnuarm~1/102021~1.10/bin/../lib/gcc/arm-none-eabi/10.3.1/../../../../arm-none-eabi/lib/thumb/v7e-m+fp/hard\libg.a(lib_a-dtoa.o)
 .ARM.attributes
                0x00000825       0x34 c:/progra~2/gnuarm~1/102021~1.10/bin/../lib/gcc/arm-none-eabi/10.3.1/../../../../arm-none-eabi/lib/thumb/v7e-m+fp/hard\libg.a(lib_a-fflush.o)
 .ARM.attributes
                0x00000859       0x34 c:/progra~2/gnuarm~1/102021~1.10/bin/../lib/gcc/arm-none-eabi/10.3.1/../../../../arm-none-eabi/lib/thumb/v7e-m+fp/hard\libg.a(lib_a-findfp.o)
 .ARM.attributes
                0x0000088d       0x34 c:/progra~2/gnuarm~1/102021~1.10/bin/../lib/gcc/arm-none-eabi/10.3.1/../../../../arm-none-eabi/lib/thumb/v7e-m+fp/hard\libg.a(lib_a-fini.o)
 .ARM.attributes
                0x000008c1       0x34 c:/progra~2/gnuarm~1/102021~1.10/bin/../lib/gcc/arm-none-eabi/10.3.1/../../../../arm-none-eabi/lib/thumb/v7e-m+fp/hard\libg.a(lib_a-freer.o)
 .ARM.attributes
                0x000008f5       0x34 c:/progra~2/gnuarm~1/102021~1.10/bin/../lib/gcc/arm-none-eabi/10.3.1/../../../../arm-none-eabi/lib/thumb/v7e-m+fp/hard\libg.a(lib_a-fwalk.o)
 .ARM.attributes
                0x00000929       0x34 c:/progra~2/gnuarm~1/102021~1.10/bin/../lib/gcc/arm-none-eabi/10.3.1/../../../../arm-none-eabi/lib/thumb/v7e-m+fp/hard\libg.a(lib_a-localeconv.o)
 .ARM.attributes
                0x0000095d       0x34 c:/progra~2/gnuarm~1/102021~1.10/bin/../lib/gcc/arm-none-eabi/10.3.1/../../../../arm-none-eabi/lib/thumb/v7e-m+fp/hard\libg.a(lib_a-lock.o)
 .ARM.attributes
                0x00000991       0x34 c:/progra~2/gnuarm~1/102021~1.10/bin/../lib/gcc/arm-none-eabi/10.3.1/../../../../arm-none-eabi/lib/thumb/v7e-m+fp/hard\libg.a(lib_a-makebuf.o)
 .ARM.attributes
                0x000009c5       0x34 c:/progra~2/gnuarm~1/102021~1.10/bin/../lib/gcc/arm-none-eabi/10.3.1/../../../../arm-none-eabi/lib/thumb/v7e-m+fp/hard\libg.a(lib_a-malloc.o)
 .ARM.attributes
                0x000009f9       0x34 c:/progra~2/gnuarm~1/102021~1.10/bin/../lib/gcc/arm-none-eabi/10.3.1/../../../../arm-none-eabi/lib/thumb/v7e-m+fp/hard\libg.a(lib_a-mallocr.o)
 .ARM.attributes
                0x00000a2d       0x1c c:/progra~2/gnuarm~1/102021~1.10/bin/../lib/gcc/arm-none-eabi/10.3.1/../../../../arm-none-eabi/lib/thumb/v7e-m+fp/hard\libg.a(lib_a-memchr.o)
 .ARM.attributes
                0x00000a49       0x1c c:/progra~2/gnuarm~1/102021~1.10/bin/../lib/gcc/arm-none-eabi/10.3.1/../../../../arm-none-eabi/lib/thumb/v7e-m+fp/hard\libg.a(lib_a-memcpy.o)
 .ARM.attributes
                0x00000a65       0x34 c:/progra~2/gnuarm~1/102021~1.10/bin/../lib/gcc/arm-none-eabi/10.3.1/../../../../arm-none-eabi/lib/thumb/v7e-m+fp/hard\libg.a(lib_a-mlock.o)
 .ARM.attributes
                0x00000a99       0x34 c:/progra~2/gnuarm~1/102021~1.10/bin/../lib/gcc/arm-none-eabi/10.3.1/../../../../arm-none-eabi/lib/thumb/v7e-m+fp/hard\libg.a(lib_a-mprec.o)
 .ARM.attributes
                0x00000acd       0x34 c:/progra~2/gnuarm~1/102021~1.10/bin/../lib/gcc/arm-none-eabi/10.3.1/../../../../arm-none-eabi/lib/thumb/v7e-m+fp/hard\libg.a(lib_a-s_frexp.o)
 .ARM.attributes
                0x00000b01       0x34 c:/progra~2/gnuarm~1/102021~1.10/bin/../lib/gcc/arm-none-eabi/10.3.1/../../../../arm-none-eabi/lib/thumb/v7e-m+fp/hard\libg.a(lib_a-sbrkr.o)
 .ARM.attributes
                0x00000b35       0x34 c:/progra~2/gnuarm~1/102021~1.10/bin/../lib/gcc/arm-none-eabi/10.3.1/../../../../arm-none-eabi/lib/thumb/v7e-m+fp/hard\libg.a(lib_a-stdio.o)
 .ARM.attributes
                0x00000b69       0x1c c:/progra~2/gnuarm~1/102021~1.10/bin/../lib/gcc/arm-none-eabi/10.3.1/../../../../arm-none-eabi/lib/thumb/v7e-m+fp/hard\libg.a(lib_a-strlen.o)
 .ARM.attributes
                0x00000b85       0x34 c:/progra~2/gnuarm~1/102021~1.10/bin/../lib/gcc/arm-none-eabi/10.3.1/../../../../arm-none-eabi/lib/thumb/v7e-m+fp/hard\libg.a(lib_a-strncpy.o)
 .ARM.attributes
                0x00000bb9       0x34 c:/progra~2/gnuarm~1/102021~1.10/bin/../lib/gcc/arm-none-eabi/10.3.1/../../../../arm-none-eabi/lib/thumb/v7e-m+fp/hard\libg.a(lib_a-vfiprintf.o)
 .ARM.attributes
                0x00000bed       0x34 c:/progra~2/gnuarm~1/102021~1.10/bin/../lib/gcc/arm-none-eabi/10.3.1/../../../../arm-none-eabi/lib/thumb/v7e-m+fp/hard\libg.a(lib_a-writer.o)
 .ARM.attributes
                0x00000c21       0x34 c:/progra~2/gnuarm~1/102021~1.10/bin/../lib/gcc/arm-none-eabi/10.3.1/../../../../arm-none-eabi/lib/thumb/v7e-m+fp/hard\libg.a(lib_a-__atexit.o)
 .ARM.attributes
                0x00000c55       0x34 c:/progra~2/gnuarm~1/102021~1.10/bin/../lib/gcc/arm-none-eabi/10.3.1/../../../../arm-none-eabi/lib/thumb/v7e-m+fp/hard\libg.a(lib_a-assert.o)
 .ARM.attributes
                0x00000c89       0x34 c:/progra~2/gnuarm~1/102021~1.10/bin/../lib/gcc/arm-none-eabi/10.3.1/../../../../arm-none-eabi/lib/thumb/v7e-m+fp/hard\libg.a(lib_a-callocr.o)
 .ARM.attributes
                0x00000cbd       0x34 c:/progra~2/gnuarm~1/102021~1.10/bin/../lib/gcc/arm-none-eabi/10.3.1/../../../../arm-none-eabi/lib/thumb/v7e-m+fp/hard\libg.a(lib_a-closer.o)
 .ARM.attributes
                0x00000cf1       0x34 c:/progra~2/gnuarm~1/102021~1.10/bin/../lib/gcc/arm-none-eabi/10.3.1/../../../../arm-none-eabi/lib/thumb/v7e-m+fp/hard\libg.a(lib_a-fclose.o)
 .ARM.attributes
                0x00000d25       0x34 c:/progra~2/gnuarm~1/102021~1.10/bin/../lib/gcc/arm-none-eabi/10.3.1/../../../../arm-none-eabi/lib/thumb/v7e-m+fp/hard\libg.a(lib_a-fiprintf.o)
 .ARM.attributes
                0x00000d59       0x34 c:/progra~2/gnuarm~1/102021~1.10/bin/../lib/gcc/arm-none-eabi/10.3.1/../../../../arm-none-eabi/lib/thumb/v7e-m+fp/hard\libg.a(lib_a-fputwc.o)
 .ARM.attributes
                0x00000d8d       0x34 c:/progra~2/gnuarm~1/102021~1.10/bin/../lib/gcc/arm-none-eabi/10.3.1/../../../../arm-none-eabi/lib/thumb/v7e-m+fp/hard\libg.a(lib_a-fstatr.o)
 .ARM.attributes
                0x00000dc1       0x34 c:/progra~2/gnuarm~1/102021~1.10/bin/../lib/gcc/arm-none-eabi/10.3.1/../../../../arm-none-eabi/lib/thumb/v7e-m+fp/hard\libg.a(lib_a-fvwrite.o)
 .ARM.attributes
                0x00000df5       0x34 c:/progra~2/gnuarm~1/102021~1.10/bin/../lib/gcc/arm-none-eabi/10.3.1/../../../../arm-none-eabi/lib/thumb/v7e-m+fp/hard\libg.a(lib_a-isattyr.o)
 .ARM.attributes